Archive member included to satisfy reference by file (symbol)

c:/program files (x86)/gnu arm embedded toolchain/10 2021.10/bin/../lib/gcc/arm-none-eabi/10.3.1/../../../../arm-none-eabi/lib/thumb/v7e-m+fp/hard\libc.a(lib_a-errno.o)
                              CMakeFiles/hello.elf.dir/debug_info.c.obj (__errno)
c:/program files (x86)/gnu arm embedded toolchain/10 2021.10/bin/../lib/gcc/arm-none-eabi/10.3.1/../../../../arm-none-eabi/lib/thumb/v7e-m+fp/hard\libc.a(lib_a-impure.o)
                              c:/program files (x86)/gnu arm embedded toolchain/10 2021.10/bin/../lib/gcc/arm-none-eabi/10.3.1/../../../../arm-none-eabi/lib/thumb/v7e-m+fp/hard\libc.a(lib_a-errno.o) (_impure_ptr)
c:/program files (x86)/gnu arm embedded toolchain/10 2021.10/bin/../lib/gcc/arm-none-eabi/10.3.1/../../../../arm-none-eabi/lib/thumb/v7e-m+fp/hard\libc.a(lib_a-malloc.o)
                              CMakeFiles/hello.elf.dir/C_/Users/11958/Desktop/STM32_Template/kernel/FreeRTOS/MemMang/heap_3.c.obj (malloc)
c:/program files (x86)/gnu arm embedded toolchain/10 2021.10/bin/../lib/gcc/arm-none-eabi/10.3.1/../../../../arm-none-eabi/lib/thumb/v7e-m+fp/hard\libc.a(lib_a-mallocr.o)
                              c:/program files (x86)/gnu arm embedded toolchain/10 2021.10/bin/../lib/gcc/arm-none-eabi/10.3.1/../../../../arm-none-eabi/lib/thumb/v7e-m+fp/hard\libc.a(lib_a-malloc.o) (_malloc_r)
c:/program files (x86)/gnu arm embedded toolchain/10 2021.10/bin/../lib/gcc/arm-none-eabi/10.3.1/../../../../arm-none-eabi/lib/thumb/v7e-m+fp/hard\libc.a(lib_a-memcpy.o)
                              CMakeFiles/hello.elf.dir/C_/Users/11958/Desktop/STM32_Template/kernel/FreeRTOS/queue.c.obj (memcpy)
c:/program files (x86)/gnu arm embedded toolchain/10 2021.10/bin/../lib/gcc/arm-none-eabi/10.3.1/../../../../arm-none-eabi/lib/thumb/v7e-m+fp/hard\libc.a(lib_a-memset.o)
                              CMakeFiles/hello.elf.dir/C_/Users/11958/Desktop/STM32_Template/kernel/FreeRTOS/tasks.c.obj (memset)
c:/program files (x86)/gnu arm embedded toolchain/10 2021.10/bin/../lib/gcc/arm-none-eabi/10.3.1/../../../../arm-none-eabi/lib/thumb/v7e-m+fp/hard\libc.a(lib_a-mlock.o)
                              c:/program files (x86)/gnu arm embedded toolchain/10 2021.10/bin/../lib/gcc/arm-none-eabi/10.3.1/../../../../arm-none-eabi/lib/thumb/v7e-m+fp/hard\libc.a(lib_a-mallocr.o) (__malloc_lock)
c:/program files (x86)/gnu arm embedded toolchain/10 2021.10/bin/../lib/gcc/arm-none-eabi/10.3.1/../../../../arm-none-eabi/lib/thumb/v7e-m+fp/hard\libc.a(lib_a-puts.o)
                              CMakeFiles/hello.elf.dir/main.c.obj (puts)
c:/program files (x86)/gnu arm embedded toolchain/10 2021.10/bin/../lib/gcc/arm-none-eabi/10.3.1/../../../../arm-none-eabi/lib/thumb/v7e-m+fp/hard\libc.a(lib_a-sbrkr.o)
                              c:/program files (x86)/gnu arm embedded toolchain/10 2021.10/bin/../lib/gcc/arm-none-eabi/10.3.1/../../../../arm-none-eabi/lib/thumb/v7e-m+fp/hard\libc.a(lib_a-mallocr.o) (_sbrk_r)
c:/program files (x86)/gnu arm embedded toolchain/10 2021.10/bin/../lib/gcc/arm-none-eabi/10.3.1/../../../../arm-none-eabi/lib/thumb/v7e-m+fp/hard\libc.a(lib_a-strlen.o)
                              c:/program files (x86)/gnu arm embedded toolchain/10 2021.10/bin/../lib/gcc/arm-none-eabi/10.3.1/../../../../arm-none-eabi/lib/thumb/v7e-m+fp/hard\libc.a(lib_a-puts.o) (strlen)
c:/program files (x86)/gnu arm embedded toolchain/10 2021.10/bin/../lib/gcc/arm-none-eabi/10.3.1/../../../../arm-none-eabi/lib/thumb/v7e-m+fp/hard\libc.a(lib_a-findfp.o)
                              c:/program files (x86)/gnu arm embedded toolchain/10 2021.10/bin/../lib/gcc/arm-none-eabi/10.3.1/../../../../arm-none-eabi/lib/thumb/v7e-m+fp/hard\libc.a(lib_a-puts.o) (__sinit)
c:/program files (x86)/gnu arm embedded toolchain/10 2021.10/bin/../lib/gcc/arm-none-eabi/10.3.1/../../../../arm-none-eabi/lib/thumb/v7e-m+fp/hard\libc.a(lib_a-freer.o)
                              c:/program files (x86)/gnu arm embedded toolchain/10 2021.10/bin/../lib/gcc/arm-none-eabi/10.3.1/../../../../arm-none-eabi/lib/thumb/v7e-m+fp/hard\libc.a(lib_a-malloc.o) (_free_r)
c:/program files (x86)/gnu arm embedded toolchain/10 2021.10/bin/../lib/gcc/arm-none-eabi/10.3.1/../../../../arm-none-eabi/lib/thumb/v7e-m+fp/hard\libc.a(lib_a-fvwrite.o)
                              c:/program files (x86)/gnu arm embedded toolchain/10 2021.10/bin/../lib/gcc/arm-none-eabi/10.3.1/../../../../arm-none-eabi/lib/thumb/v7e-m+fp/hard\libc.a(lib_a-puts.o) (__sfvwrite_r)
c:/program files (x86)/gnu arm embedded toolchain/10 2021.10/bin/../lib/gcc/arm-none-eabi/10.3.1/../../../../arm-none-eabi/lib/thumb/v7e-m+fp/hard\libc.a(lib_a-fwalk.o)
                              c:/program files (x86)/gnu arm embedded toolchain/10 2021.10/bin/../lib/gcc/arm-none-eabi/10.3.1/../../../../arm-none-eabi/lib/thumb/v7e-m+fp/hard\libc.a(lib_a-findfp.o) (_fwalk)
[...]
Memory Configuration

Name             Origin             Length             Attributes
FLASH            0x08000000         0x00100000         xr
RAM              0x20000000         0x00020000         xrw
*default*        0x00000000         0xffffffff

Linker script and memory map

LOAD CMakeFiles/hello.elf.dir/C_/Users/11958/Desktop/STM32_Template/arch/cortex-m4/cortex_m4_startup_gcc.s.obj
LOAD CMakeFiles/hello.elf.dir/C_/Users/11958/Desktop/STM32_Template/arch/cortex-m4/port.c.obj
LOAD CMakeFiles/hello.elf.dir/C_/Users/11958/Desktop/STM32_Template/Drivers/STM32F4xx_StdPeriph_Driver/src/misc.c.obj
LOAD CMakeFiles/hello.elf.dir/C_/Users/11958/Desktop/STM32_Template/Drivers/STM32F4xx_StdPeriph_Driver/src/system_stm32f4xx.c.obj
LOAD CMakeFiles/hello.elf.dir/C_/Users/11958/Desktop/STM32_Template/Drivers/STM32F4xx_StdPeriph_Driver/src/stm32f4xx_rcc.c.obj
LOAD CMakeFiles/hello.elf.dir/C_/Users/11958/Desktop/STM32_Template/Drivers/STM32F4xx_StdPeriph_Driver/src/stm32f4xx_gpio.c.obj
LOAD CMakeFiles/hello.elf.dir/C_/Users/11958/Desktop/STM32_Template/Drivers/STM32F4xx_StdPeriph_Driver/src/stm32f4xx_usart.c.obj
LOAD CMakeFiles/hello.elf.dir/C_/Users/11958/Desktop/STM32_Template/Drivers/STM32F4xx_StdPeriph_Driver/src/stm32f4xx_syscfg.c.obj
LOAD CMakeFiles/hello.elf.dir/main.c.obj
LOAD CMakeFiles/hello.elf.dir/debug_info.c.obj
LOAD CMakeFiles/hello.elf.dir/C_/Users/11958/Desktop/STM32_Template/kernel/FreeRTOS/list.c.obj
LOAD CMakeFiles/hello.elf.dir/C_/Users/11958/Desktop/STM32_Template/kernel/FreeRTOS/tasks.c.obj
LOAD CMakeFiles/hello.elf.dir/C_/Users/11958/Desktop/STM32_Template/kernel/FreeRTOS/queue.c.obj
LOAD CMakeFiles/hello.elf.dir/C_/Users/11958/Desktop/STM32_Template/kernel/FreeRTOS/MemMang/heap_3.c.obj
LOAD c:/program files (x86)/gnu arm embedded toolchain/10 2021.10/bin/../lib/gcc/arm-none-eabi/10.3.1/../../../../arm-none-eabi/lib/thumb/v7e-m+fp/hard\libc.a
LOAD c:/program files (x86)/gnu arm embedded toolchain/10 2021.10/bin/../lib/gcc/arm-none-eabi/10.3.1/../../../../arm-none-eabi/lib/thumb/v7e-m+fp/hard\libm.a
LOAD c:/program files (x86)/gnu arm embedded toolchain/10 2021.10/bin/../lib/gcc/arm-none-eabi/10.3.1/../../../../arm-none-eabi/lib/thumb/v7e-m+fp/hard\libnosys.a
START GROUP
LOAD c:/program files (x86)/gnu arm embedded toolchain/10 2021.10/bin/../lib/gcc/arm-none-eabi/10.3.1/thumb/v7e-m+fp/hard\libgcc.a
LOAD c:/program files (x86)/gnu arm embedded toolchain/10 2021.10/bin/../lib/gcc/arm-none-eabi/10.3.1/../../../../arm-none-eabi/lib/thumb/v7e-m+fp/hard\libg.a
LOAD c:/program files (x86)/gnu arm embedded toolchain/10 2021.10/bin/../lib/gcc/arm-none-eabi/10.3.1/../../../../arm-none-eabi/lib/thumb/v7e-m+fp/hard\libc.a
END GROUP
START GROUP
LOAD c:/program files (x86)/gnu arm embedded toolchain/10 2021.10/bin/../lib/gcc/arm-none-eabi/10.3.1/thumb/v7e-m+fp/hard\libgcc.a
LOAD c:/program files (x86)/gnu arm embedded toolchain/10 2021.10/bin/../lib/gcc/arm-none-eabi/10.3.1/../../../../arm-none-eabi/lib/thumb/v7e-m+fp/hard\libc.a
LOAD c:/program files (x86)/gnu arm embedded toolchain/10 2021.10/bin/../lib/gcc/arm-none-eabi/10.3.1/../../../../arm-none-eabi/lib/thumb/v7e-m+fp/hard\libnosys.a
END GROUP
                0x20020000                __main_stack_top = (ORIGIN (RAM) + LENGTH (RAM))

.isr_vector     0x08000000      0x188
                0x08000000                . = ALIGN (0x4)
 *(.isr_vector)
 .isr_vector    0x08000000      0x188 CMakeFiles/hello.elf.dir/C_/Users/11958/Desktop/STM32_Template/arch/cortex-m4/cortex_m4_startup_gcc.s.obj
                0x08000000                isr_vector
                0x08000188                . = ALIGN (0x4)

.text           0x080001c0     0x374c
                0x080001c0                . = ALIGN (0x4)
 *(.text)
 .text          0x080001c0      0x134 c:/program files (x86)/gnu arm embedded toolchain/10 2021.10/bin/../lib/gcc/arm-none-eabi/10.3.1/../../../../arm-none-eabi/lib/thumb/v7e-m+fp/hard\libc.a(lib_a-memcpy.o)
                0x080001c0                memcpy
 *fill*         0x080002f4        0xc 
 .text          0x08000300       0xdc c:/program files (x86)/gnu arm embedded toolchain/10 2021.10/bin/../lib/gcc/arm-none-eabi/10.3.1/../../../../arm-none-eabi/lib/thumb/v7e-m+fp/hard\libc.a(lib_a-strlen.o)
                0x08000300                strlen
 *fill*         0x080003dc        0x4 
 .text          0x080003e0       0xa0 c:/program files (x86)/gnu arm embedded toolchain/10 2021.10/bin/../lib/gcc/arm-none-eabi/10.3.1/../../../../arm-none-eabi/lib/thumb/v7e-m+fp/hard\libc.a(lib_a-memchr.o)
                0x080003e0                memchr
 *(.text*)
 .text.Reset_Handler
                0x08000480       0x64 CMakeFiles/hello.elf.dir/C_/Users/11958/Desktop/STM32_Template/arch/cortex-m4/cortex_m4_startup_gcc.s.obj
                0x08000480                Reset_Handler
 .text.Default_Handler
                0x080004e4        0x2 CMakeFiles/hello.elf.dir/C_/Users/11958/Desktop/STM32_Template/arch/cortex-m4/cortex_m4_startup_gcc.s.obj
                0x080004e4                RTC_Alarm_IRQHandler
                0x080004e4                HASH_RNG_IRQHandler
                0x080004e4                EXTI2_IRQHandler
                0x080004e4                TIM8_CC_IRQHandler
                0x080004e4                DebugMon_Handler
                0x080004e4                TIM1_CC_IRQHandler
                0x080004e4                DMA2_Stream5_IRQHandler
                0x080004e4                HardFault_Handler
                0x080004e4                DMA1_Stream5_IRQHandler
                0x080004e4                PVD_IRQHandler
                0x080004e4                SDIO_IRQHandler
                0x080004e4                TAMP_STAMP_IRQHandler
                0x080004e4                NMI_Handler
                0x080004e4                CAN2_RX1_IRQHandler
                0x080004e4                EXTI3_IRQHandler
                0x080004e4                TIM8_TRG_COM_TIM14_IRQHandler
                0x080004e4                TIM1_UP_TIM10_IRQHandler
                0x080004e4                TIM8_UP_TIM13_IRQHandler
                0x080004e4                I2C3_ER_IRQHandler
                0x080004e4                EXTI0_IRQHandler
                0x080004e4                I2C2_EV_IRQHandler
                0x080004e4                DMA1_Stream2_IRQHandler
                0x080004e4                CAN1_RX0_IRQHandler
                0x080004e4                FPU_IRQHandler
                0x080004e4                OTG_HS_WKUP_IRQHandler
                0x080004e4                UsageFault_Handler
                0x080004e4                CAN2_SCE_IRQHandler
                0x080004e4                DMA2_Stream2_IRQHandler
                0x080004e4                SPI1_IRQHandler
                0x080004e4                TIM6_DAC_IRQHandler
                0x080004e4                TIM1_BRK_TIM9_IRQHandler
                0x080004e4                DCMI_IRQHandler
                0x080004e4                CAN2_RX0_IRQHandler
                0x080004e4                DMA2_Stream3_IRQHandler
                0x080004e4                USART6_IRQHandler
                0x080004e4                USART3_IRQHandler
                0x080004e4                CRYP_IRQHandler
                0x080004e4                CAN1_RX1_IRQHandler
                0x080004e4                UART5_IRQHandler
                0x080004e4                DMA2_Stream0_IRQHandler
                0x080004e4                TIM4_IRQHandler
                0x080004e4                I2C1_EV_IRQHandler
                0x080004e4                DMA1_Stream6_IRQHandler
                0x080004e4                DMA1_Stream1_IRQHandler
                0x080004e4                UART4_IRQHandler
                0x080004e4                TIM3_IRQHandler
                0x080004e4                RCC_IRQHandler
                0x080004e4                TIM8_BRK_TIM12_IRQHandler
                0x080004e4                EXTI15_10_IRQHandler
                0x080004e4                ADC_IRQHandler
                0x080004e4                DMA1_Stream7_IRQHandler
                0x080004e4                TIM7_IRQHandler
                0x080004e4                CAN2_TX_IRQHandler
                0x080004e4                TIM5_IRQHandler
                0x080004e4                DMA2_Stream7_IRQHandler
                0x080004e4                I2C3_EV_IRQHandler
                0x080004e4                EXTI9_5_IRQHandler
                0x080004e4                RTC_WKUP_IRQHandler
                0x080004e4                ETH_WKUP_IRQHandler
                0x080004e4                SPI2_IRQHandler
                0x080004e4                OTG_HS_EP1_IN_IRQHandler
                0x080004e4                MemManage_Handler
                0x080004e4                DMA1_Stream0_IRQHandler
                0x080004e4                CAN1_TX_IRQHandler
                0x080004e4                EXTI4_IRQHandler
                0x080004e4                ETH_IRQHandler
                0x080004e4                OTG_HS_EP1_OUT_IRQHandler
                0x080004e4                WWDG_IRQHandler
                0x080004e4                TIM2_IRQHandler
                0x080004e4                OTG_FS_WKUP_IRQHandler
                0x080004e4                TIM1_TRG_COM_TIM11_IRQHandler
                0x080004e4                OTG_HS_IRQHandler
                0x080004e4                EXTI1_IRQHandler
                0x080004e4                USART2_IRQHandler
                0x080004e4                I2C2_ER_IRQHandler
                0x080004e4                DMA2_Stream1_IRQHandler
                0x080004e4                CAN1_SCE_IRQHandler
                0x080004e4                FLASH_IRQHandler
                0x080004e4                DMA2_Stream4_IRQHandler
                0x080004e4                BusFault_Handler
                0x080004e4                USART1_IRQHandler
                0x080004e4                OTG_FS_IRQHandler
                0x080004e4                SPI3_IRQHandler
                0x080004e4                DMA1_Stream4_IRQHandler
                0x080004e4                I2C1_ER_IRQHandler
                0x080004e4                FMC_IRQHandler
                0x080004e4                DMA2_Stream6_IRQHandler
                0x080004e4                DMA1_Stream3_IRQHandler
 *fill*         0x080004e6        0x2 
 .text.pxPortInitialiseStack
                0x080004e8       0x68 CMakeFiles/hello.elf.dir/C_/Users/11958/Desktop/STM32_Template/arch/cortex-m4/port.c.obj
                0x080004e8                pxPortInitialiseStack
 .text.prvTaskExitError
                0x08000550       0x34 CMakeFiles/hello.elf.dir/C_/Users/11958/Desktop/STM32_Template/arch/cortex-m4/port.c.obj
 .text.vPortSVCHandler
                0x08000584       0x24 CMakeFiles/hello.elf.dir/C_/Users/11958/Desktop/STM32_Template/arch/cortex-m4/port.c.obj
                0x08000584                vPortSVCHandler
 .text.prvPortStartFirstTask
                0x080005a8       0x2c CMakeFiles/hello.elf.dir/C_/Users/11958/Desktop/STM32_Template/arch/cortex-m4/port.c.obj
 .text.xPortStartScheduler
                0x080005d4       0x70 CMakeFiles/hello.elf.dir/C_/Users/11958/Desktop/STM32_Template/arch/cortex-m4/port.c.obj
                0x080005d4                xPortStartScheduler
 .text.vPortEnterCritical
                0x08000644       0x34 CMakeFiles/hello.elf.dir/C_/Users/11958/Desktop/STM32_Template/arch/cortex-m4/port.c.obj
                0x08000644                vPortEnterCritical
 .text.vPortExitCritical
                0x08000678       0x34 CMakeFiles/hello.elf.dir/C_/Users/11958/Desktop/STM32_Template/arch/cortex-m4/port.c.obj
                0x08000678                vPortExitCritical
 .text.xPortPendSVHandler
                0x080006ac       0x64 CMakeFiles/hello.elf.dir/C_/Users/11958/Desktop/STM32_Template/arch/cortex-m4/port.c.obj
                0x080006ac                xPortPendSVHandler
 .text.xPortSysTickHandler
                0x08000710       0x44 CMakeFiles/hello.elf.dir/C_/Users/11958/Desktop/STM32_Template/arch/cortex-m4/port.c.obj
                0x08000710                xPortSysTickHandler
 .text.vPortSuppressTicksAndSleep
                0x08000754      0x194 CMakeFiles/hello.elf.dir/C_/Users/11958/Desktop/STM32_Template/arch/cortex-m4/port.c.obj
                0x08000754                vPortSuppressTicksAndSleep
 .text.vPortSetupTimerInterrupt
                0x080008e8       0x64 CMakeFiles/hello.elf.dir/C_/Users/11958/Desktop/STM32_Template/arch/cortex-m4/port.c.obj
                0x080008e8                vPortSetupTimerInterrupt
 .text.vPortEnableVFP
                0x0800094c       0x18 CMakeFiles/hello.elf.dir/C_/Users/11958/Desktop/STM32_Template/arch/cortex-m4/port.c.obj
 .text.NVIC_PriorityGroupConfig
                0x08000964       0x28 CMakeFiles/hello.elf.dir/C_/Users/11958/Desktop/STM32_Template/Drivers/STM32F4xx_StdPeriph_Driver/src/misc.c.obj
                0x08000964                NVIC_PriorityGroupConfig
 .text.SystemInit
                0x0800098c       0x6c CMakeFiles/hello.elf.dir/C_/Users/11958/Desktop/STM32_Template/Drivers/STM32F4xx_StdPeriph_Driver/src/system_stm32f4xx.c.obj
                0x0800098c                SystemInit
 .text.SetSysClock
                0x080009f8       0xf8 CMakeFiles/hello.elf.dir/C_/Users/11958/Desktop/STM32_Template/Drivers/STM32F4xx_StdPeriph_Driver/src/system_stm32f4xx.c.obj
 .text.RCC_GetClocksFreq
                0x08000af0      0x15c CMakeFiles/hello.elf.dir/C_/Users/11958/Desktop/STM32_Template/Drivers/STM32F4xx_StdPeriph_Driver/src/stm32f4xx_rcc.c.obj
                0x08000af0                RCC_GetClocksFreq
 .text.RCC_AHB1PeriphClockCmd
                0x08000c4c       0x40 CMakeFiles/hello.elf.dir/C_/Users/11958/Desktop/STM32_Template/Drivers/STM32F4xx_StdPeriph_Driver/src/stm32f4xx_rcc.c.obj
                0x08000c4c                RCC_AHB1PeriphClockCmd
 .text.RCC_APB2PeriphClockCmd
                0x08000c8c       0x40 CMakeFiles/hello.elf.dir/C_/Users/11958/Desktop/STM32_Template/Drivers/STM32F4xx_StdPeriph_Driver/src/stm32f4xx_rcc.c.obj
                0x08000c8c                RCC_APB2PeriphClockCmd
 .text.GPIO_Init
                0x08000ccc      0x11e CMakeFiles/hello.elf.dir/C_/Users/11958/Desktop/STM32_Template/Drivers/STM32F4xx_StdPeriph_Driver/src/stm32f4xx_gpio.c.obj
                0x08000ccc                GPIO_Init
 .text.GPIO_PinAFConfig
                0x08000dea       0x92 CMakeFiles/hello.elf.dir/C_/Users/11958/Desktop/STM32_Template/Drivers/STM32F4xx_StdPeriph_Driver/src/stm32f4xx_gpio.c.obj
                0x08000dea                GPIO_PinAFConfig
 .text.USART_Init
                0x08000e7c      0x174 CMakeFiles/hello.elf.dir/C_/Users/11958/Desktop/STM32_Template/Drivers/STM32F4xx_StdPeriph_Driver/src/stm32f4xx_usart.c.obj
                0x08000e7c                USART_Init
 .text.USART_Cmd
                0x08000ff0       0x40 CMakeFiles/hello.elf.dir/C_/Users/11958/Desktop/STM32_Template/Drivers/STM32F4xx_StdPeriph_Driver/src/stm32f4xx_usart.c.obj
                0x08000ff0                USART_Cmd
 .text.USART_SendData
                0x08001030       0x24 CMakeFiles/hello.elf.dir/C_/Users/11958/Desktop/STM32_Template/Drivers/STM32F4xx_StdPeriph_Driver/src/stm32f4xx_usart.c.obj
                0x08001030                USART_SendData
 .text.USART_GetFlagStatus
                0x08001054       0x38 CMakeFiles/hello.elf.dir/C_/Users/11958/Desktop/STM32_Template/Drivers/STM32F4xx_StdPeriph_Driver/src/stm32f4xx_usart.c.obj
                0x08001054                USART_GetFlagStatus
 .text.MAINTask
                0x0800108c       0x1c CMakeFiles/hello.elf.dir/main.c.obj
                0x0800108c                MAINTask
 .text.main     0x080010a8       0x50 CMakeFiles/hello.elf.dir/main.c.obj
                0x080010a8                main
 .text.Debug_UartInit
                0x080010f8       0x84 CMakeFiles/hello.elf.dir/debug_info.c.obj
                0x080010f8                Debug_UartInit
 .text._write   0x0800117c       0x6c CMakeFiles/hello.elf.dir/debug_info.c.obj
                0x0800117c                _write
 .text.vListInitialise
                0x080011e8       0x4c CMakeFiles/hello.elf.dir/C_/Users/11958/Desktop/STM32_Template/kernel/FreeRTOS/list.c.obj
                0x080011e8                vListInitialise
 .text.vListInitialiseItem
                0x08001234       0x1a CMakeFiles/hello.elf.dir/C_/Users/11958/Desktop/STM32_Template/kernel/FreeRTOS/list.c.obj
                0x08001234                vListInitialiseItem
 .text.vListInsert
                0x0800124e       0x72 CMakeFiles/hello.elf.dir/C_/Users/11958/Desktop/STM32_Template/kernel/FreeRTOS/list.c.obj
                0x0800124e                vListInsert
 .text.uxListRemove
                0x080012c0       0x54 CMakeFiles/hello.elf.dir/C_/Users/11958/Desktop/STM32_Template/kernel/FreeRTOS/list.c.obj
                0x080012c0                uxListRemove
 .text.prvCreateStaticTask
                0x08001314       0x62 CMakeFiles/hello.elf.dir/C_/Users/11958/Desktop/STM32_Template/kernel/FreeRTOS/tasks.c.obj
 .text.xTaskCreateStatic
                0x08001376       0x48 CMakeFiles/hello.elf.dir/C_/Users/11958/Desktop/STM32_Template/kernel/FreeRTOS/tasks.c.obj
                0x08001376                xTaskCreateStatic
 .text.prvInitialiseNewTask
                0x080013be       0xe0 CMakeFiles/hello.elf.dir/C_/Users/11958/Desktop/STM32_Template/kernel/FreeRTOS/tasks.c.obj
 *fill*         0x0800149e        0x2 
 .text.prvAddNewTaskToReadyList
                0x080014a0      0x12c CMakeFiles/hello.elf.dir/C_/Users/11958/Desktop/STM32_Template/kernel/FreeRTOS/tasks.c.obj
 .text.vTaskDelay
                0x080015cc       0x48 CMakeFiles/hello.elf.dir/C_/Users/11958/Desktop/STM32_Template/kernel/FreeRTOS/tasks.c.obj
                0x080015cc                vTaskDelay
 .text.prvCreateIdleTasks
                0x08001614       0xe0 CMakeFiles/hello.elf.dir/C_/Users/11958/Desktop/STM32_Template/kernel/FreeRTOS/tasks.c.obj
 .text.vTaskStartScheduler
                0x080016f4       0x5c CMakeFiles/hello.elf.dir/C_/Users/11958/Desktop/STM32_Template/kernel/FreeRTOS/tasks.c.obj
                0x080016f4                vTaskStartScheduler
 .text.vTaskSuspendAll
                0x08001750       0x1c CMakeFiles/hello.elf.dir/C_/Users/11958/Desktop/STM32_Template/kernel/FreeRTOS/tasks.c.obj
                0x08001750                vTaskSuspendAll
 .text.prvGetExpectedIdleTime
                0x0800176c       0x74 CMakeFiles/hello.elf.dir/C_/Users/11958/Desktop/STM32_Template/kernel/FreeRTOS/tasks.c.obj
 .text.xTaskResumeAll
                0x080017e0      0x1f4 CMakeFiles/hello.elf.dir/C_/Users/11958/Desktop/STM32_Template/kernel/FreeRTOS/tasks.c.obj
                0x080017e0                xTaskResumeAll
 .text.vTaskStepTick
                0x080019d4       0x54 CMakeFiles/hello.elf.dir/C_/Users/11958/Desktop/STM32_Template/kernel/FreeRTOS/tasks.c.obj
                0x080019d4                vTaskStepTick
 .text.xTaskIncrementTick
                0x08001a28      0x214 CMakeFiles/hello.elf.dir/C_/Users/11958/Desktop/STM32_Template/kernel/FreeRTOS/tasks.c.obj
                0x08001a28                xTaskIncrementTick
 .text.vTaskSwitchContext
                0x08001c3c       0xa0 CMakeFiles/hello.elf.dir/C_/Users/11958/Desktop/STM32_Template/kernel/FreeRTOS/tasks.c.obj
                0x08001c3c                vTaskSwitchContext
 .text.prvIdleTask
                0x08001cdc       0x34 CMakeFiles/hello.elf.dir/C_/Users/11958/Desktop/STM32_Template/kernel/FreeRTOS/tasks.c.obj
 .text.eTaskConfirmSleepModeStatus
                0x08001d10       0x70 CMakeFiles/hello.elf.dir/C_/Users/11958/Desktop/STM32_Template/kernel/FreeRTOS/tasks.c.obj
                0x08001d10                eTaskConfirmSleepModeStatus
 .text.prvInitialiseTaskLists
                0x08001d80       0x80 CMakeFiles/hello.elf.dir/C_/Users/11958/Desktop/STM32_Template/kernel/FreeRTOS/tasks.c.obj
 .text.prvCheckTasksWaitingTermination
                0x08001e00       0x5c CMakeFiles/hello.elf.dir/C_/Users/11958/Desktop/STM32_Template/kernel/FreeRTOS/tasks.c.obj
 .text.prvDeleteTCB
                0x08001e5c       0x3c CMakeFiles/hello.elf.dir/C_/Users/11958/Desktop/STM32_Template/kernel/FreeRTOS/tasks.c.obj
 .text.prvResetNextTaskUnblockTime
                0x08001e98       0x38 CMakeFiles/hello.elf.dir/C_/Users/11958/Desktop/STM32_Template/kernel/FreeRTOS/tasks.c.obj
 .text.prvAddCurrentTaskToDelayedList
                0x08001ed0       0xec CMakeFiles/hello.elf.dir/C_/Users/11958/Desktop/STM32_Template/kernel/FreeRTOS/tasks.c.obj
 .text.vApplicationGetIdleTaskMemory
                0x08001fbc       0x34 CMakeFiles/hello.elf.dir/C_/Users/11958/Desktop/STM32_Template/kernel/FreeRTOS/tasks.c.obj
                0x08001fbc                vApplicationGetIdleTaskMemory
 .text.vPortFree
                0x08001ff0       0x24 CMakeFiles/hello.elf.dir/C_/Users/11958/Desktop/STM32_Template/kernel/FreeRTOS/MemMang/heap_3.c.obj
                0x08001ff0                vPortFree
 .text.__errno  0x08002014        0xc c:/program files (x86)/gnu arm embedded toolchain/10 2021.10/bin/../lib/gcc/arm-none-eabi/10.3.1/../../../../arm-none-eabi/lib/thumb/v7e-m+fp/hard\libc.a(lib_a-errno.o)
                0x08002014                __errno
 .text.free     0x08002020       0x10 c:/program files (x86)/gnu arm embedded toolchain/10 2021.10/bin/../lib/gcc/arm-none-eabi/10.3.1/../../../../arm-none-eabi/lib/thumb/v7e-m+fp/hard\libc.a(lib_a-malloc.o)
                0x08002020                free
 .text._malloc_r
                0x08002030      0x560 c:/program files (x86)/gnu arm embedded toolchain/10 2021.10/bin/../lib/gcc/arm-none-eabi/10.3.1/../../../../arm-none-eabi/lib/thumb/v7e-m+fp/hard\libc.a(lib_a-mallocr.o)
                0x08002030                _malloc_r
 .text.memset   0x08002590       0xa4 c:/program files (x86)/gnu arm embedded toolchain/10 2021.10/bin/../lib/gcc/arm-none-eabi/10.3.1/../../../../arm-none-eabi/lib/thumb/v7e-m+fp/hard\libc.a(lib_a-memset.o)
                0x08002590                memset
 .text.__malloc_lock
                0x08002634        0xc c:/program files (x86)/gnu arm embedded toolchain/10 2021.10/bin/../lib/gcc/arm-none-eabi/10.3.1/../../../../arm-none-eabi/lib/thumb/v7e-m+fp/hard\libc.a(lib_a-mlock.o)
                0x08002634                __malloc_lock
 .text.__malloc_unlock
                0x08002640        0xc c:/program files (x86)/gnu arm embedded toolchain/10 2021.10/bin/../lib/gcc/arm-none-eabi/10.3.1/../../../../arm-none-eabi/lib/thumb/v7e-m+fp/hard\libc.a(lib_a-mlock.o)
                0x08002640                __malloc_unlock
 .text._puts_r  0x0800264c       0x9c c:/program files (x86)/gnu arm embedded toolchain/10 2021.10/bin/../lib/gcc/arm-none-eabi/10.3.1/../../../../arm-none-eabi/lib/thumb/v7e-m+fp/hard\libc.a(lib_a-puts.o)
                0x0800264c                _puts_r
 .text.puts     0x080026e8       0x10 c:/program files (x86)/gnu arm embedded toolchain/10 2021.10/bin/../lib/gcc/arm-none-eabi/10.3.1/../../../../arm-none-eabi/lib/thumb/v7e-m+fp/hard\libc.a(lib_a-puts.o)
                0x080026e8                puts
 .text._sbrk_r  0x080026f8       0x24 c:/program files (x86)/gnu arm embedded toolchain/10 2021.10/bin/../lib/gcc/arm-none-eabi/10.3.1/../../../../arm-none-eabi/lib/thumb/v7e-m+fp/hard\libc.a(lib_a-sbrkr.o)
                0x080026f8                _sbrk_r
 .text._cleanup_r
                0x0800271c        0xc c:/program files (x86)/gnu arm embedded toolchain/10 2021.10/bin/../lib/gcc/arm-none-eabi/10.3.1/../../../../arm-none-eabi/lib/thumb/v7e-m+fp/hard\libc.a(lib_a-findfp.o)
                0x0800271c                _cleanup_r
 .text.__sinit  0x08002728      0x10c c:/program files (x86)/gnu arm embedded toolchain/10 2021.10/bin/../lib/gcc/arm-none-eabi/10.3.1/../../../../arm-none-eabi/lib/thumb/v7e-m+fp/hard\libc.a(lib_a-findfp.o)
                0x08002728                __sinit
 .text.__sfp_lock_acquire
                0x08002834        0xc c:/program files (x86)/gnu arm embedded toolchain/10 2021.10/bin/../lib/gcc/arm-none-eabi/10.3.1/../../../../arm-none-eabi/lib/thumb/v7e-m+fp/hard\libc.a(lib_a-findfp.o)
                0x08002834                __sfp_lock_acquire
 .text.__sfp_lock_release
                0x08002840        0xc c:/program files (x86)/gnu arm embedded toolchain/10 2021.10/bin/../lib/gcc/arm-none-eabi/10.3.1/../../../../arm-none-eabi/lib/thumb/v7e-m+fp/hard\libc.a(lib_a-findfp.o)
                0x08002840                __sfp_lock_release
 .text._malloc_trim_r
                0x0800284c       0xa0 c:/program files (x86)/gnu arm embedded toolchain/10 2021.10/bin/../lib/gcc/arm-none-eabi/10.3.1/../../../../arm-none-eabi/lib/thumb/v7e-m+fp/hard\libc.a(lib_a-freer.o)
                0x0800284c                _malloc_trim_r
 .text._free_r  0x080028ec      0x20c c:/program files (x86)/gnu arm embedded toolchain/10 2021.10/bin/../lib/gcc/arm-none-eabi/10.3.1/../../../../arm-none-eabi/lib/thumb/v7e-m+fp/hard\libc.a(lib_a-freer.o)
                0x080028ec                _free_r
 .text.__sfvwrite_r
                0x08002af8      0x2f0 c:/program files (x86)/gnu arm embedded toolchain/10 2021.10/bin/../lib/gcc/arm-none-eabi/10.3.1/../../../../arm-none-eabi/lib/thumb/v7e-m+fp/hard\libc.a(lib_a-fvwrite.o)
                0x08002af8                __sfvwrite_r
 .text._fwalk_reent
                0x08002de8       0x48 c:/program files (x86)/gnu arm embedded toolchain/10 2021.10/bin/../lib/gcc/arm-none-eabi/10.3.1/../../../../arm-none-eabi/lib/thumb/v7e-m+fp/hard\libc.a(lib_a-fwalk.o)
                0x08002de8                _fwalk_reent
 .text.__retarget_lock_init_recursive
                0x08002e30        0x4 c:/program files (x86)/gnu arm embedded toolchain/10 2021.10/bin/../lib/gcc/arm-none-eabi/10.3.1/../../../../arm-none-eabi/lib/thumb/v7e-m+fp/hard\libc.a(lib_a-lock.o)
                0x08002e30                __retarget_lock_init_recursive
 .text.__retarget_lock_close_recursive
                0x08002e34        0x4 c:/program files (x86)/gnu arm embedded toolchain/10 2021.10/bin/../lib/gcc/arm-none-eabi/10.3.1/../../../../arm-none-eabi/lib/thumb/v7e-m+fp/hard\libc.a(lib_a-lock.o)
                0x08002e34                __retarget_lock_close_recursive
 .text.__retarget_lock_acquire_recursive
                0x08002e38        0x4 c:/program files (x86)/gnu arm embedded toolchain/10 2021.10/bin/../lib/gcc/arm-none-eabi/10.3.1/../../../../arm-none-eabi/lib/thumb/v7e-m+fp/hard\libc.a(lib_a-lock.o)
                0x08002e38                __retarget_lock_acquire_recursive
 .text.__retarget_lock_release_recursive
                0x08002e3c        0x4 c:/program files (x86)/gnu arm embedded toolchain/10 2021.10/bin/../lib/gcc/arm-none-eabi/10.3.1/../../../../arm-none-eabi/lib/thumb/v7e-m+fp/hard\libc.a(lib_a-lock.o)
                0x08002e3c                __retarget_lock_release_recursive
 .text.memmove  0x08002e40       0xf8 c:/program files (x86)/gnu arm embedded toolchain/10 2021.10/bin/../lib/gcc/arm-none-eabi/10.3.1/../../../../arm-none-eabi/lib/thumb/v7e-m+fp/hard\libc.a(lib_a-memmove.o)
                0x08002e40                memmove
 .text._realloc_r
                0x08002f38      0x3d8 c:/program files (x86)/gnu arm embedded toolchain/10 2021.10/bin/../lib/gcc/arm-none-eabi/10.3.1/../../../../arm-none-eabi/lib/thumb/v7e-m+fp/hard\libc.a(lib_a-reallocr.o)
                0x08002f38                _realloc_r
 .text.__sread  0x08003310       0x24 c:/program files (x86)/gnu arm embedded toolchain/10 2021.10/bin/../lib/gcc/arm-none-eabi/10.3.1/../../../../arm-none-eabi/lib/thumb/v7e-m+fp/hard\libc.a(lib_a-stdio.o)
                0x08003310                __sread
 .text.__swrite
                0x08003334       0x40 c:/program files (x86)/gnu arm embedded toolchain/10 2021.10/bin/../lib/gcc/arm-none-eabi/10.3.1/../../../../arm-none-eabi/lib/thumb/v7e-m+fp/hard\libc.a(lib_a-stdio.o)
                0x08003334                __swrite
 .text.__sseek  0x08003374       0x20 c:/program files (x86)/gnu arm embedded toolchain/10 2021.10/bin/../lib/gcc/arm-none-eabi/10.3.1/../../../../arm-none-eabi/lib/thumb/v7e-m+fp/hard\libc.a(lib_a-stdio.o)
                0x08003374                __sseek
 .text.__sclose
                0x08003394        0x8 c:/program files (x86)/gnu arm embedded toolchain/10 2021.10/bin/../lib/gcc/arm-none-eabi/10.3.1/../../../../arm-none-eabi/lib/thumb/v7e-m+fp/hard\libc.a(lib_a-stdio.o)
                0x08003394                __sclose
 .text._write_r
                0x0800339c       0x2c c:/program files (x86)/gnu arm embedded toolchain/10 2021.10/bin/../lib/gcc/arm-none-eabi/10.3.1/../../../../arm-none-eabi/lib/thumb/v7e-m+fp/hard\libc.a(lib_a-writer.o)
                0x0800339c                _write_r
 .text.__swsetup_r
                0x080033c8       0xd4 c:/program files (x86)/gnu arm embedded toolchain/10 2021.10/bin/../lib/gcc/arm-none-eabi/10.3.1/../../../../arm-none-eabi/lib/thumb/v7e-m+fp/hard\libc.a(lib_a-wsetup.o)
                0x080033c8                __swsetup_r
 .text._close_r
                0x0800349c       0x24 c:/program files (x86)/gnu arm embedded toolchain/10 2021.10/bin/../lib/gcc/arm-none-eabi/10.3.1/../../../../arm-none-eabi/lib/thumb/v7e-m+fp/hard\libc.a(lib_a-closer.o)
                0x0800349c                _close_r
 .text._fclose_r
                0x080034c0       0xcc c:/program files (x86)/gnu arm embedded toolchain/10 2021.10/bin/../lib/gcc/arm-none-eabi/10.3.1/../../../../arm-none-eabi/lib/thumb/v7e-m+fp/hard\libc.a(lib_a-fclose.o)
                0x080034c0                _fclose_r
 .text.__sflush_r
                0x0800358c      0x130 c:/program files (x86)/gnu arm embedded toolchain/10 2021.10/bin/../lib/gcc/arm-none-eabi/10.3.1/../../../../arm-none-eabi/lib/thumb/v7e-m+fp/hard\libc.a(lib_a-fflush.o)
                0x0800358c                __sflush_r
 .text._fflush_r
                0x080036bc       0x5c c:/program files (x86)/gnu arm embedded toolchain/10 2021.10/bin/../lib/gcc/arm-none-eabi/10.3.1/../../../../arm-none-eabi/lib/thumb/v7e-m+fp/hard\libc.a(lib_a-fflush.o)
                0x080036bc                _fflush_r
 .text._lseek_r
                0x08003718       0x2c c:/program files (x86)/gnu arm embedded toolchain/10 2021.10/bin/../lib/gcc/arm-none-eabi/10.3.1/../../../../arm-none-eabi/lib/thumb/v7e-m+fp/hard\libc.a(lib_a-lseekr.o)
                0x08003718                _lseek_r
 .text.__smakebuf_r
                0x08003744       0xe0 c:/program files (x86)/gnu arm embedded toolchain/10 2021.10/bin/../lib/gcc/arm-none-eabi/10.3.1/../../../../arm-none-eabi/lib/thumb/v7e-m+fp/hard\libc.a(lib_a-makebuf.o)
                0x08003744                __smakebuf_r
 .text._read_r  0x08003824       0x2c c:/program files (x86)/gnu arm embedded toolchain/10 2021.10/bin/../lib/gcc/arm-none-eabi/10.3.1/../../../../arm-none-eabi/lib/thumb/v7e-m+fp/hard\libc.a(lib_a-readr.o)
                0x08003824                _read_r
 .text._fstat_r
                0x08003850       0x2c c:/program files (x86)/gnu arm embedded toolchain/10 2021.10/bin/../lib/gcc/arm-none-eabi/10.3.1/../../../../arm-none-eabi/lib/thumb/v7e-m+fp/hard\libc.a(lib_a-fstatr.o)
                0x08003850                _fstat_r
 .text._isatty_r
                0x0800387c       0x24 c:/program files (x86)/gnu arm embedded toolchain/10 2021.10/bin/../lib/gcc/arm-none-eabi/10.3.1/../../../../arm-none-eabi/lib/thumb/v7e-m+fp/hard\libc.a(lib_a-isattyr.o)
                0x0800387c                _isatty_r
 .text._close   0x080038a0       0x10 c:/program files (x86)/gnu arm embedded toolchain/10 2021.10/bin/../lib/gcc/arm-none-eabi/10.3.1/../../../../arm-none-eabi/lib/thumb/v7e-m+fp/hard\libnosys.a(close.o)
                0x080038a0                _close
 .text._fstat   0x080038b0       0x10 c:/program files (x86)/gnu arm embedded toolchain/10 2021.10/bin/../lib/gcc/arm-none-eabi/10.3.1/../../../../arm-none-eabi/lib/thumb/v7e-m+fp/hard\libnosys.a(fstat.o)
                0x080038b0                _fstat
 .text._isatty  0x080038c0       0x10 c:/program files (x86)/gnu arm embedded toolchain/10 2021.10/bin/../lib/gcc/arm-none-eabi/10.3.1/../../../../arm-none-eabi/lib/thumb/v7e-m+fp/hard\libnosys.a(isatty.o)
                0x080038c0                _isatty
 .text._lseek   0x080038d0       0x10 c:/program files (x86)/gnu arm embedded toolchain/10 2021.10/bin/../lib/gcc/arm-none-eabi/10.3.1/../../../../arm-none-eabi/lib/thumb/v7e-m+fp/hard\libnosys.a(lseek.o)
                0x080038d0                _lseek
 .text._read    0x080038e0       0x10 c:/program files (x86)/gnu arm embedded toolchain/10 2021.10/bin/../lib/gcc/arm-none-eabi/10.3.1/../../../../arm-none-eabi/lib/thumb/v7e-m+fp/hard\libnosys.a(read.o)
                0x080038e0                _read
 .text._sbrk    0x080038f0       0x1c c:/program files (x86)/gnu arm embedded toolchain/10 2021.10/bin/../lib/gcc/arm-none-eabi/10.3.1/../../../../arm-none-eabi/lib/thumb/v7e-m+fp/hard\libnosys.a(sbrk.o)
                0x080038f0                _sbrk
 *(.glue_7)
 .glue_7        0x0800390c        0x0 linker stubs
 *(.glue_7t)
 .glue_7t       0x0800390c        0x0 linker stubs
 *(.eh_frame)
 *(.init)
 *(.fini)
                0x0800390c                . = ALIGN (0x4)
                0x0800390c                _etext = .

.vfp11_veneer   0x0800390c        0x0
 .vfp11_veneer  0x0800390c        0x0 linker stubs

.v4_bx          0x0800390c        0x0
 .v4_bx         0x0800390c        0x0 linker stubs

.iplt           0x0800390c        0x0
 .iplt          0x0800390c        0x0 CMakeFiles/hello.elf.dir/C_/Users/11958/Desktop/STM32_Template/arch/cortex-m4/cortex_m4_startup_gcc.s.obj

.rodata         0x0800390c       0x3c
                0x0800390c                . = ALIGN (0x4)
 *(.rodata)
 .rodata        0x0800390c       0x2e CMakeFiles/hello.elf.dir/main.c.obj
 *fill*         0x0800393a        0x2 
 .rodata        0x0800393c        0x5 CMakeFiles/hello.elf.dir/C_/Users/11958/Desktop/STM32_Template/kernel/FreeRTOS/tasks.c.obj
 *(.rodata*)
 *fill*         0x08003941        0x3 
 .rodata._puts_r.str1.4
                0x08003944        0x2 c:/program files (x86)/gnu arm embedded toolchain/10 2021.10/bin/../lib/gcc/arm-none-eabi/10.3.1/../../../../arm-none-eabi/lib/thumb/v7e-m+fp/hard\libc.a(lib_a-puts.o)
                0x08003948                . = ALIGN (0x4)
 *fill*         0x08003946        0x2 
                0x08003948                _sidata = LOADADDR (.data)

.rel.dyn        0x08003948        0x0
 .rel.iplt      0x08003948        0x0 CMakeFiles/hello.elf.dir/C_/Users/11958/Desktop/STM32_Template/arch/cortex-m4/cortex_m4_startup_gcc.s.obj

.data           0x20000000      0x858 load address 0x08003948
                0x20000000                . = ALIGN (0x4)
                0x20000000                _sdata = .
 *(.data)
 *(.data*)
 .data.uxCriticalNesting
                0x20000000        0x4 CMakeFiles/hello.elf.dir/C_/Users/11958/Desktop/STM32_Template/arch/cortex-m4/port.c.obj
 .data.APBAHBPrescTable
                0x20000004       0x10 CMakeFiles/hello.elf.dir/C_/Users/11958/Desktop/STM32_Template/Drivers/STM32F4xx_StdPeriph_Driver/src/stm32f4xx_rcc.c.obj
 .data.uxTopUsedPriority
                0x20000014        0x4 CMakeFiles/hello.elf.dir/C_/Users/11958/Desktop/STM32_Template/kernel/FreeRTOS/tasks.c.obj
 .data._impure_ptr
                0x20000018        0x4 c:/program files (x86)/gnu arm embedded toolchain/10 2021.10/bin/../lib/gcc/arm-none-eabi/10.3.1/../../../../arm-none-eabi/lib/thumb/v7e-m+fp/hard\libc.a(lib_a-impure.o)
                0x20000018                _impure_ptr
 *fill*         0x2000001c        0x4 
 .data.impure_data
                0x20000020      0x428 c:/program files (x86)/gnu arm embedded toolchain/10 2021.10/bin/../lib/gcc/arm-none-eabi/10.3.1/../../../../arm-none-eabi/lib/thumb/v7e-m+fp/hard\libc.a(lib_a-impure.o)
 .data.__malloc_av_
                0x20000448      0x408 c:/program files (x86)/gnu arm embedded toolchain/10 2021.10/bin/../lib/gcc/arm-none-eabi/10.3.1/../../../../arm-none-eabi/lib/thumb/v7e-m+fp/hard\libc.a(lib_a-mallocr.o)
                0x20000448                __malloc_av_
 .data.__malloc_sbrk_base
                0x20000850        0x4 c:/program files (x86)/gnu arm embedded toolchain/10 2021.10/bin/../lib/gcc/arm-none-eabi/10.3.1/../../../../arm-none-eabi/lib/thumb/v7e-m+fp/hard\libc.a(lib_a-mallocr.o)
                0x20000850                __malloc_sbrk_base
 .data.__malloc_trim_threshold
                0x20000854        0x4 c:/program files (x86)/gnu arm embedded toolchain/10 2021.10/bin/../lib/gcc/arm-none-eabi/10.3.1/../../../../arm-none-eabi/lib/thumb/v7e-m+fp/hard\libc.a(lib_a-mallocr.o)
                0x20000854                __malloc_trim_threshold
                0x20000858                . = ALIGN (0x4)
                0x20000858                _edata = .

.igot.plt       0x20000858        0x0 load address 0x080041a0
 .igot.plt      0x20000858        0x0 CMakeFiles/hello.elf.dir/C_/Users/11958/Desktop/STM32_Template/arch/cortex-m4/cortex_m4_startup_gcc.s.obj

.bss            0x20000858     0x1440 load address 0x080041a0
                0x20000858                . = ALIGN (0x4)
                0x20000858                _sbss = .
 *(.bss)
 *(.bss*)
 .bss.ulTimerCountsForOneTick
                0x20000858        0x4 CMakeFiles/hello.elf.dir/C_/Users/11958/Desktop/STM32_Template/arch/cortex-m4/port.c.obj
 .bss.xMaximumPossibleSuppressedTicks
                0x2000085c        0x4 CMakeFiles/hello.elf.dir/C_/Users/11958/Desktop/STM32_Template/arch/cortex-m4/port.c.obj
 .bss.ulStoppedTimerCompensation
                0x20000860        0x4 CMakeFiles/hello.elf.dir/C_/Users/11958/Desktop/STM32_Template/arch/cortex-m4/port.c.obj
 .bss.MAINTaskStack.1
                0x20000864     0x1000 CMakeFiles/hello.elf.dir/main.c.obj
 .bss.MAINTaskTCB.0
                0x20001864       0x4c CMakeFiles/hello.elf.dir/main.c.obj
 .bss.pxCurrentTCB
                0x200018b0        0x4 CMakeFiles/hello.elf.dir/C_/Users/11958/Desktop/STM32_Template/kernel/FreeRTOS/tasks.c.obj
                0x200018b0                pxCurrentTCB
 .bss.pxReadyTasksLists
                0x200018b4       0x8c CMakeFiles/hello.elf.dir/C_/Users/11958/Desktop/STM32_Template/kernel/FreeRTOS/tasks.c.obj
 .bss.xDelayedTaskList1
                0x20001940       0x1c CMakeFiles/hello.elf.dir/C_/Users/11958/Desktop/STM32_Template/kernel/FreeRTOS/tasks.c.obj
 .bss.xDelayedTaskList2
                0x2000195c       0x1c CMakeFiles/hello.elf.dir/C_/Users/11958/Desktop/STM32_Template/kernel/FreeRTOS/tasks.c.obj
 .bss.pxDelayedTaskList
                0x20001978        0x4 CMakeFiles/hello.elf.dir/C_/Users/11958/Desktop/STM32_Template/kernel/FreeRTOS/tasks.c.obj
 .bss.pxOverflowDelayedTaskList
                0x2000197c        0x4 CMakeFiles/hello.elf.dir/C_/Users/11958/Desktop/STM32_Template/kernel/FreeRTOS/tasks.c.obj
 .bss.xPendingReadyList
                0x20001980       0x1c CMakeFiles/hello.elf.dir/C_/Users/11958/Desktop/STM32_Template/kernel/FreeRTOS/tasks.c.obj
 .bss.xTasksWaitingTermination
                0x2000199c       0x1c CMakeFiles/hello.elf.dir/C_/Users/11958/Desktop/STM32_Template/kernel/FreeRTOS/tasks.c.obj
 .bss.uxDeletedTasksWaitingCleanUp
                0x200019b8        0x4 CMakeFiles/hello.elf.dir/C_/Users/11958/Desktop/STM32_Template/kernel/FreeRTOS/tasks.c.obj
 .bss.xSuspendedTaskList
                0x200019bc       0x1c CMakeFiles/hello.elf.dir/C_/Users/11958/Desktop/STM32_Template/kernel/FreeRTOS/tasks.c.obj
 .bss.uxCurrentNumberOfTasks
                0x200019d8        0x4 CMakeFiles/hello.elf.dir/C_/Users/11958/Desktop/STM32_Template/kernel/FreeRTOS/tasks.c.obj
 .bss.xTickCount
                0x200019dc        0x4 CMakeFiles/hello.elf.dir/C_/Users/11958/Desktop/STM32_Template/kernel/FreeRTOS/tasks.c.obj
 .bss.uxTopReadyPriority
                0x200019e0        0x4 CMakeFiles/hello.elf.dir/C_/Users/11958/Desktop/STM32_Template/kernel/FreeRTOS/tasks.c.obj
 .bss.xSchedulerRunning
                0x200019e4        0x4 CMakeFiles/hello.elf.dir/C_/Users/11958/Desktop/STM32_Template/kernel/FreeRTOS/tasks.c.obj
 .bss.xPendedTicks
                0x200019e8        0x4 CMakeFiles/hello.elf.dir/C_/Users/11958/Desktop/STM32_Template/kernel/FreeRTOS/tasks.c.obj
 .bss.xYieldPendings
                0x200019ec        0x4 CMakeFiles/hello.elf.dir/C_/Users/11958/Desktop/STM32_Template/kernel/FreeRTOS/tasks.c.obj
 .bss.xNumOfOverflows
                0x200019f0        0x4 CMakeFiles/hello.elf.dir/C_/Users/11958/Desktop/STM32_Template/kernel/FreeRTOS/tasks.c.obj
 .bss.uxTaskNumber
                0x200019f4        0x4 CMakeFiles/hello.elf.dir/C_/Users/11958/Desktop/STM32_Template/kernel/FreeRTOS/tasks.c.obj
 .bss.xNextTaskUnblockTime
                0x200019f8        0x4 CMakeFiles/hello.elf.dir/C_/Users/11958/Desktop/STM32_Template/kernel/FreeRTOS/tasks.c.obj
 .bss.xIdleTaskHandles
                0x200019fc        0x4 CMakeFiles/hello.elf.dir/C_/Users/11958/Desktop/STM32_Template/kernel/FreeRTOS/tasks.c.obj
 .bss.uxSchedulerSuspended
                0x20001a00        0x4 CMakeFiles/hello.elf.dir/C_/Users/11958/Desktop/STM32_Template/kernel/FreeRTOS/tasks.c.obj
 .bss.xIdleTaskTCB.1
                0x20001a04       0x4c CMakeFiles/hello.elf.dir/C_/Users/11958/Desktop/STM32_Template/kernel/FreeRTOS/tasks.c.obj
 .bss.uxIdleTaskStack.0
                0x20001a50      0x200 CMakeFiles/hello.elf.dir/C_/Users/11958/Desktop/STM32_Template/kernel/FreeRTOS/tasks.c.obj
 .bss.__malloc_current_mallinfo
                0x20001c50       0x28 c:/program files (x86)/gnu arm embedded toolchain/10 2021.10/bin/../lib/gcc/arm-none-eabi/10.3.1/../../../../arm-none-eabi/lib/thumb/v7e-m+fp/hard\libc.a(lib_a-mallocr.o)
                0x20001c50                __malloc_current_mallinfo
 .bss.__malloc_max_sbrked_mem
                0x20001c78        0x4 c:/program files (x86)/gnu arm embedded toolchain/10 2021.10/bin/../lib/gcc/arm-none-eabi/10.3.1/../../../../arm-none-eabi/lib/thumb/v7e-m+fp/hard\libc.a(lib_a-mallocr.o)
                0x20001c78                __malloc_max_sbrked_mem
 .bss.__malloc_max_total_mem
                0x20001c7c        0x4 c:/program files (x86)/gnu arm embedded toolchain/10 2021.10/bin/../lib/gcc/arm-none-eabi/10.3.1/../../../../arm-none-eabi/lib/thumb/v7e-m+fp/hard\libc.a(lib_a-mallocr.o)
                0x20001c7c                __malloc_max_total_mem
 .bss.__malloc_top_pad
                0x20001c80        0x4 c:/program files (x86)/gnu arm embedded toolchain/10 2021.10/bin/../lib/gcc/arm-none-eabi/10.3.1/../../../../arm-none-eabi/lib/thumb/v7e-m+fp/hard\libc.a(lib_a-mallocr.o)
                0x20001c80                __malloc_top_pad
 .bss.__lock___malloc_recursive_mutex
                0x20001c84        0x1 c:/program files (x86)/gnu arm embedded toolchain/10 2021.10/bin/../lib/gcc/arm-none-eabi/10.3.1/../../../../arm-none-eabi/lib/thumb/v7e-m+fp/hard\libc.a(lib_a-lock.o)
                0x20001c84                __lock___malloc_recursive_mutex
 *fill*         0x20001c85        0x3 
 .bss.__lock___sfp_recursive_mutex
                0x20001c88        0x1 c:/program files (x86)/gnu arm embedded toolchain/10 2021.10/bin/../lib/gcc/arm-none-eabi/10.3.1/../../../../arm-none-eabi/lib/thumb/v7e-m+fp/hard\libc.a(lib_a-lock.o)
                0x20001c88                __lock___sfp_recursive_mutex
 *fill*         0x20001c89        0x3 
 .bss.__lock___sinit_recursive_mutex
                0x20001c8c        0x1 c:/program files (x86)/gnu arm embedded toolchain/10 2021.10/bin/../lib/gcc/arm-none-eabi/10.3.1/../../../../arm-none-eabi/lib/thumb/v7e-m+fp/hard\libc.a(lib_a-lock.o)
                0x20001c8c                __lock___sinit_recursive_mutex
 *fill*         0x20001c8d        0x3 
 .bss.errno     0x20001c90        0x4 c:/program files (x86)/gnu arm embedded toolchain/10 2021.10/bin/../lib/gcc/arm-none-eabi/10.3.1/../../../../arm-none-eabi/lib/thumb/v7e-m+fp/hard\libc.a(lib_a-reent.o)
                0x20001c90                errno
 .bss.heap_end.0
                0x20001c94        0x4 c:/program files (x86)/gnu arm embedded toolchain/10 2021.10/bin/../lib/gcc/arm-none-eabi/10.3.1/../../../../arm-none-eabi/lib/thumb/v7e-m+fp/hard\libnosys.a(sbrk.o)
 *(COMMON)
                0x20001c98                . = ALIGN (0x4)
                0x20001c98                _ebss = .
                0x20001c98                . = ALIGN (0x4)
                0x20001c98                PROVIDE (end = .)
OUTPUT(build/hello.elf elf32-littlearm)
LOAD linker stubs

.ARM.attributes
                0x00000000       0x35
 .ARM.attributes
                0x00000000       0x21 CMakeFiles/hello.elf.dir/C_/Users/11958/Desktop/STM32_Template/arch/cortex-m4/cortex_m4_startup_gcc.s.obj
 .ARM.attributes
                0x00000021       0x34 CMakeFiles/hello.elf.dir/C_/Users/11958/Desktop/STM32_Template/arch/cortex-m4/port.c.obj
 .ARM.attributes
                0x00000055       0x34 CMakeFiles/hello.elf.dir/C_/Users/11958/Desktop/STM32_Template/Drivers/STM32F4xx_StdPeriph_Driver/src/misc.c.obj
 .ARM.attributes
                0x00000089       0x34 CMakeFiles/hello.elf.dir/C_/Users/11958/Desktop/STM32_Template/Drivers/STM32F4xx_StdPeriph_Driver/src/system_stm32f4xx.c.obj
 .ARM.attributes
                0x000000bd       0x34 CMakeFiles/hello.elf.dir/C_/Users/11958/Desktop/STM32_Template/Drivers/STM32F4xx_StdPeriph_Driver/src/stm32f4xx_rcc.c.obj
 .ARM.attributes
                0x000000f1       0x34 CMakeFiles/hello.elf.dir/C_/Users/11958/Desktop/STM32_Template/Drivers/STM32F4xx_StdPeriph_Driver/src/stm32f4xx_gpio.c.obj
 .ARM.attributes
                0x00000125       0x34 CMakeFiles/hello.elf.dir/C_/Users/11958/Desktop/STM32_Template/Drivers/STM32F4xx_StdPeriph_Driver/src/stm32f4xx_usart.c.obj
 .ARM.attributes
                0x00000159       0x34 CMakeFiles/hello.elf.dir/main.c.obj
 .ARM.attributes
                0x0000018d       0x34 CMakeFiles/hello.elf.dir/debug_info.c.obj
 .ARM.attributes
                0x000001c1       0x34 CMakeFiles/hello.elf.dir/C_/Users/11958/Desktop/STM32_Template/kernel/FreeRTOS/list.c.obj
 .ARM.attributes
                0x000001f5       0x34 CMakeFiles/hello.elf.dir/C_/Users/11958/Desktop/STM32_Template/kernel/FreeRTOS/tasks.c.obj
 .ARM.attributes
                0x00000229       0x34 CMakeFiles/hello.elf.dir/C_/Users/11958/Desktop/STM32_Template/kernel/FreeRTOS/MemMang/heap_3.c.obj
 .ARM.attributes
                0x0000025d       0x34 c:/program files (x86)/gnu arm embedded toolchain/10 2021.10/bin/../lib/gcc/arm-none-eabi/10.3.1/../../../../arm-none-eabi/lib/thumb/v7e-m+fp/hard\libc.a(lib_a-errno.o)
 .ARM.attributes
                0x00000291       0x34 c:/program files (x86)/gnu arm embedded toolchain/10 2021.10/bin/../lib/gcc/arm-none-eabi/10.3.1/../../../../arm-none-eabi/lib/thumb/v7e-m+fp/hard\libc.a(lib_a-impure.o)
 .ARM.attributes
                0x000002c5       0x34 c:/program files (x86)/gnu arm embedded toolchain/10 2021.10/bin/../lib/gcc/arm-none-eabi/10.3.1/../../../../arm-none-eabi/lib/thumb/v7e-m+fp/hard\libc.a(lib_a-malloc.o)
 .ARM.attributes
                0x000002f9       0x34 c:/program files (x86)/gnu arm embedded toolchain/10 2021.10/bin/../lib/gcc/arm-none-eabi/10.3.1/../../../../arm-none-eabi/lib/thumb/v7e-m+fp/hard\libc.a(lib_a-mallocr.o)
 .ARM.attributes
                0x0000032d       0x1c c:/program files (x86)/gnu arm embedded toolchain/10 2021.10/bin/../lib/gcc/arm-none-eabi/10.3.1/../../../../arm-none-eabi/lib/thumb/v7e-m+fp/hard\libc.a(lib_a-memcpy.o)
 .ARM.attributes
                0x00000349       0x34 c:/program files (x86)/gnu arm embedded toolchain/10 2021.10/bin/../lib/gcc/arm-none-eabi/10.3.1/../../../../arm-none-eabi/lib/thumb/v7e-m+fp/hard\libc.a(lib_a-memset.o)
 .ARM.attributes
                0x0000037d       0x34 c:/program files (x86)/gnu arm embedded toolchain/10 2021.10/bin/../lib/gcc/arm-none-eabi/10.3.1/../../../../arm-none-eabi/lib/thumb/v7e-m+fp/hard\libc.a(lib_a-mlock.o)
 .ARM.attributes
                0x000003b1       0x34 c:/program files (x86)/gnu arm embedded toolchain/10 2021.10/bin/../lib/gcc/arm-none-eabi/10.3.1/../../../../arm-none-eabi/lib/thumb/v7e-m+fp/hard\libc.a(lib_a-puts.o)
 .ARM.attributes
                0x000003e5       0x34 c:/program files (x86)/gnu arm embedded toolchain/10 2021.10/bin/../lib/gcc/arm-none-eabi/10.3.1/../../../../arm-none-eabi/lib/thumb/v7e-m+fp/hard\libc.a(lib_a-sbrkr.o)
 .ARM.attributes
                0x00000419       0x1c c:/program files (x86)/gnu arm embedded toolchain/10 2021.10/bin/../lib/gcc/arm-none-eabi/10.3.1/../../../../arm-none-eabi/lib/thumb/v7e-m+fp/hard\libc.a(lib_a-strlen.o)
 .ARM.attributes
                0x00000435       0x34 c:/program files (x86)/gnu arm embedded toolchain/10 2021.10/bin/../lib/gcc/arm-none-eabi/10.3.1/../../../../arm-none-eabi/lib/thumb/v7e-m+fp/hard\libc.a(lib_a-findfp.o)
 .ARM.attributes
                0x00000469       0x34 c:/program files (x86)/gnu arm embedded toolchain/10 2021.10/bin/../lib/gcc/arm-none-eabi/10.3.1/../../../../arm-none-eabi/lib/thumb/v7e-m+fp/hard\libc.a(lib_a-freer.o)
 .ARM.attributes
                0x0000049d       0x34 c:/program files (x86)/gnu arm embedded toolchain/10 2021.10/bin/../lib/gcc/arm-none-eabi/10.3.1/../../../../arm-none-eabi/lib/thumb/v7e-m+fp/hard\libc.a(lib_a-fvwrite.o)
 .ARM.attributes
                0x000004d1       0x34 c:/program files (x86)/gnu arm embedded toolchain/10 2021.10/bin/../lib/gcc/arm-none-eabi/10.3.1/../../../../arm-none-eabi/lib/thumb/v7e-m+fp/hard\libc.a(lib_a-fwalk.o)
 .ARM.attributes
                0x00000505       0x34 c:/program files (x86)/gnu arm embedded toolchain/10 2021.10/bin/../lib/gcc/arm-none-eabi/10.3.1/../../../../arm-none-eabi/lib/thumb/v7e-m+fp/hard\libc.a(lib_a-lock.o)
 .ARM.attributes
                0x00000539       0x1c c:/program files (x86)/gnu arm embedded toolchain/10 2021.10/bin/../lib/gcc/arm-none-eabi/10.3.1/../../../../arm-none-eabi/lib/thumb/v7e-m+fp/hard\libc.a(lib_a-memchr.o)
 .ARM.attributes
                0x00000555       0x34 c:/program files (x86)/gnu arm embedded toolchain/10 2021.10/bin/../lib/gcc/arm-none-eabi/10.3.1/../../../../arm-none-eabi/lib/thumb/v7e-m+fp/hard\libc.a(lib_a-memmove.o)
 .ARM.attributes
                0x00000589       0x34 c:/program files (x86)/gnu arm embedded toolchain/10 2021.10/bin/../lib/gcc/arm-none-eabi/10.3.1/../../../../arm-none-eabi/lib/thumb/v7e-m+fp/hard\libc.a(lib_a-reallocr.o)
 .ARM.attributes
                0x000005bd       0x34 c:/program files (x86)/gnu arm embedded toolchain/10 2021.10/bin/../lib/gcc/arm-none-eabi/10.3.1/../../../../arm-none-eabi/lib/thumb/v7e-m+fp/hard\libc.a(lib_a-reent.o)
 .ARM.attributes
                0x000005f1       0x34 c:/program files (x86)/gnu arm embedded toolchain/10 2021.10/bin/../lib/gcc/arm-none-eabi/10.3.1/../../../../arm-none-eabi/lib/thumb/v7e-m+fp/hard\libc.a(lib_a-stdio.o)
 .ARM.attributes
                0x00000625       0x34 c:/program files (x86)/gnu arm embedded toolchain/10 2021.10/bin/../lib/gcc/arm-none-eabi/10.3.1/../../../../arm-none-eabi/lib/thumb/v7e-m+fp/hard\libc.a(lib_a-writer.o)
 .ARM.attributes
                0x00000659       0x34 c:/program files (x86)/gnu arm embedded toolchain/10 2021.10/bin/../lib/gcc/arm-none-eabi/10.3.1/../../../../arm-none-eabi/lib/thumb/v7e-m+fp/hard\libc.a(lib_a-wsetup.o)
 .ARM.attributes
                0x0000068d       0x34 c:/program files (x86)/gnu arm embedded toolchain/10 2021.10/bin/../lib/gcc/arm-none-eabi/10.3.1/../../../../arm-none-eabi/lib/thumb/v7e-m+fp/hard\libc.a(lib_a-closer.o)
 .ARM.attributes
                0x000006c1       0x34 c:/program files (x86)/gnu arm embedded toolchain/10 2021.10/bin/../lib/gcc/arm-none-eabi/10.3.1/../../../../arm-none-eabi/lib/thumb/v7e-m+fp/hard\libc.a(lib_a-fclose.o)
 .ARM.attributes
                0x000006f5       0x34 c:/program files (x86)/gnu arm embedded toolchain/10 2021.10/bin/../lib/gcc/arm-none-eabi/10.3.1/../../../../arm-none-eabi/lib/thumb/v7e-m+fp/hard\libc.a(lib_a-fflush.o)
 .ARM.attributes
                0x00000729       0x34 c:/program files (x86)/gnu arm embedded toolchain/10 2021.10/bin/../lib/gcc/arm-none-eabi/10.3.1/../../../../arm-none-eabi/lib/thumb/v7e-m+fp/hard\libc.a(lib_a-lseekr.o)
 .ARM.attributes
                0x0000075d       0x34 c:/program files (x86)/gnu arm embedded toolchain/10 2021.10/bin/../lib/gcc/arm-none-eabi/10.3.1/../../../../arm-none-eabi/lib/thumb/v7e-m+fp/hard\libc.a(lib_a-makebuf.o)
 .ARM.attributes
                0x00000791       0x34 c:/program files (x86)/gnu arm embedded toolchain/10 2021.10/bin/../lib/gcc/arm-none-eabi/10.3.1/../../../../arm-none-eabi/lib/thumb/v7e-m+fp/hard\libc.a(lib_a-readr.o)
 .ARM.attributes
                0x000007c5       0x34 c:/program files (x86)/gnu arm embedded toolchain/10 2021.10/bin/../lib/gcc/arm-none-eabi/10.3.1/../../../../arm-none-eabi/lib/thumb/v7e-m+fp/hard\libc.a(lib_a-fstatr.o)
 .ARM.attributes
                0x000007f9       0x34 c:/program files (x86)/gnu arm embedded toolchain/10 2021.10/bin/../lib/gcc/arm-none-eabi/10.3.1/../../../../arm-none-eabi/lib/thumb/v7e-m+fp/hard\libc.a(lib_a-isattyr.o)
 .ARM.attributes
                0x0000082d       0x34 c:/program files (x86)/gnu arm embedded toolchain/10 2021.10/bin/../lib/gcc/arm-none-eabi/10.3.1/../../../../arm-none-eabi/lib/thumb/v7e-m+fp/hard\libnosys.a(close.o)
 .ARM.attributes
                0x00000861       0x34 c:/program files (x86)/gnu arm embedded toolchain/10 2021.10/bin/../lib/gcc/arm-none-eabi/10.3.1/../../../../arm-none-eabi/lib/thumb/v7e-m+fp/hard\libnosys.a(fstat.o)
 .ARM.attributes
                0x00000895       0x34 c:/program files (x86)/gnu arm embedded toolchain/10 2021.10/bin/../lib/gcc/arm-none-eabi/10.3.1/../../../../arm-none-eabi/lib/thumb/v7e-m+fp/hard\libnosys.a(isatty.o)
 .ARM.attributes
                0x000008c9       0x34 c:/program files (x86)/gnu arm embedded toolchain/10 2021.10/bin/../lib/gcc/arm-none-eabi/10.3.1/../../../../arm-none-eabi/lib/thumb/v7e-m+fp/hard\libnosys.a(lseek.o)
 .ARM.attributes
                0x000008fd       0x34 c:/program files (x86)/gnu arm embedded toolchain/10 2021.10/bin/../lib/gcc/arm-none-eabi/10.3.1/../../../../arm-none-eabi/lib/thumb/v7e-m+fp/hard\libnosys.a(read.o)
 .ARM.attributes
                0x00000931       0x34 c:/program files (x86)/gnu arm embedded toolchain/10 2021.10/bin/../lib/gcc/arm-none-eabi/10.3.1/../../../../arm-none-eabi/lib/thumb/v7e-m+fp/hard\libnosys.a(sbrk.o)

.comment        0x00000000       0x49
 .comment       0x00000000       0x49 CMakeFiles/hello.elf.dir/C_/Users/11958/Desktop/STM32_Template/arch/cortex-m4/port.c.obj
                                 0x4a (size before relaxing)
 .comment       0x00000049       0x4a CMakeFiles/hello.elf.dir/C_/Users/11958/Desktop/STM32_Template/Drivers/STM32F4xx_StdPeriph_Driver/src/misc.c.obj
 .comment       0x00000049       0x4a CMakeFiles/hello.elf.dir/C_/Users/11958/Desktop/STM32_Template/Drivers/STM32F4xx_StdPeriph_Driver/src/system_stm32f4xx.c.obj
 .comment       0x00000049       0x4a CMakeFiles/hello.elf.dir/C_/Users/11958/Desktop/STM32_Template/Drivers/STM32F4xx_StdPeriph_Driver/src/stm32f4xx_rcc.c.obj
 .comment       0x00000049       0x4a CMakeFiles/hello.elf.dir/C_/Users/11958/Desktop/STM32_Template/Drivers/STM32F4xx_StdPeriph_Driver/src/stm32f4xx_gpio.c.obj
 .comment       0x00000049       0x4a CMakeFiles/hello.elf.dir/C_/Users/11958/Desktop/STM32_Template/Drivers/STM32F4xx_StdPeriph_Driver/src/stm32f4xx_usart.c.obj
 .comment       0x00000049       0x4a CMakeFiles/hello.elf.dir/main.c.obj
 .comment       0x00000049       0x4a CMakeFiles/hello.elf.dir/debug_info.c.obj
 .comment       0x00000049       0x4a CMakeFiles/hello.elf.dir/C_/Users/11958/Desktop/STM32_Template/kernel/FreeRTOS/list.c.obj
 .comment       0x00000049       0x4a CMakeFiles/hello.elf.dir/C_/Users/11958/Desktop/STM32_Template/kernel/FreeRTOS/tasks.c.obj
 .comment       0x00000049       0x4a CMakeFiles/hello.elf.dir/C_/Users/11958/Desktop/STM32_Template/kernel/FreeRTOS/MemMang/heap_3.c.obj

.debug_line     0x00000000     0x4620
 .debug_line    0x00000000       0xb4 CMakeFiles/hello.elf.dir/C_/Users/11958/Desktop/STM32_Template/arch/cortex-m4/cortex_m4_startup_gcc.s.obj
 .debug_line    0x000000b4      0x4ad CMakeFiles/hello.elf.dir/C_/Users/11958/Desktop/STM32_Template/arch/cortex-m4/port.c.obj
 .debug_line    0x00000561      0x2fe CMakeFiles/hello.elf.dir/C_/Users/11958/Desktop/STM32_Template/Drivers/STM32F4xx_StdPeriph_Driver/src/misc.c.obj
 .debug_line    0x0000085f      0x392 CMakeFiles/hello.elf.dir/C_/Users/11958/Desktop/STM32_Template/Drivers/STM32F4xx_StdPeriph_Driver/src/system_stm32f4xx.c.obj
 .debug_line    0x00000bf1      0xa8e CMakeFiles/hello.elf.dir/C_/Users/11958/Desktop/STM32_Template/Drivers/STM32F4xx_StdPeriph_Driver/src/stm32f4xx_rcc.c.obj
 .debug_line    0x0000167f      0x4e8 CMakeFiles/hello.elf.dir/C_/Users/11958/Desktop/STM32_Template/Drivers/STM32F4xx_StdPeriph_Driver/src/stm32f4xx_gpio.c.obj
 .debug_line    0x00001b67      0x71c CMakeFiles/hello.elf.dir/C_/Users/11958/Desktop/STM32_Template/Drivers/STM32F4xx_StdPeriph_Driver/src/stm32f4xx_usart.c.obj
 .debug_line    0x00002283      0x210 CMakeFiles/hello.elf.dir/main.c.obj
 .debug_line    0x00002493      0x251 CMakeFiles/hello.elf.dir/debug_info.c.obj
 .debug_line    0x000026e4      0x2e8 CMakeFiles/hello.elf.dir/C_/Users/11958/Desktop/STM32_Template/kernel/FreeRTOS/list.c.obj
 .debug_line    0x000029cc     0x1b29 CMakeFiles/hello.elf.dir/C_/Users/11958/Desktop/STM32_Template/kernel/FreeRTOS/tasks.c.obj
 .debug_line    0x000044f5      0x12b CMakeFiles/hello.elf.dir/C_/Users/11958/Desktop/STM32_Template/kernel/FreeRTOS/MemMang/heap_3.c.obj

.debug_info     0x00000000     0x61f5
 .debug_info    0x00000000       0x22 CMakeFiles/hello.elf.dir/C_/Users/11958/Desktop/STM32_Template/arch/cortex-m4/cortex_m4_startup_gcc.s.obj
 .debug_info    0x00000022      0x41d CMakeFiles/hello.elf.dir/C_/Users/11958/Desktop/STM32_Template/arch/cortex-m4/port.c.obj
 .debug_info    0x0000043f      0x55c CMakeFiles/hello.elf.dir/C_/Users/11958/Desktop/STM32_Template/Drivers/STM32F4xx_StdPeriph_Driver/src/misc.c.obj
 .debug_info    0x0000099b      0x63e CMakeFiles/hello.elf.dir/C_/Users/11958/Desktop/STM32_Template/Drivers/STM32F4xx_StdPeriph_Driver/src/system_stm32f4xx.c.obj
 .debug_info    0x00000fd9      0xf02 CMakeFiles/hello.elf.dir/C_/Users/11958/Desktop/STM32_Template/Drivers/STM32F4xx_StdPeriph_Driver/src/stm32f4xx_rcc.c.obj
 .debug_info    0x00001edb      0x636 CMakeFiles/hello.elf.dir/C_/Users/11958/Desktop/STM32_Template/Drivers/STM32F4xx_StdPeriph_Driver/src/stm32f4xx_gpio.c.obj
 .debug_info    0x00002511      0xa32 CMakeFiles/hello.elf.dir/C_/Users/11958/Desktop/STM32_Template/Drivers/STM32F4xx_StdPeriph_Driver/src/stm32f4xx_usart.c.obj
 .debug_info    0x00002f43      0x2fb CMakeFiles/hello.elf.dir/main.c.obj
 .debug_info    0x0000323e      0x48a CMakeFiles/hello.elf.dir/debug_info.c.obj
 .debug_info    0x000036c8      0x293 CMakeFiles/hello.elf.dir/C_/Users/11958/Desktop/STM32_Template/kernel/FreeRTOS/list.c.obj
 .debug_info    0x0000395b     0x27a6 CMakeFiles/hello.elf.dir/C_/Users/11958/Desktop/STM32_Template/kernel/FreeRTOS/tasks.c.obj
 .debug_info    0x00006101       0xf4 CMakeFiles/hello.elf.dir/C_/Users/11958/Desktop/STM32_Template/kernel/FreeRTOS/MemMang/heap_3.c.obj

.debug_abbrev   0x00000000     0x1171
 .debug_abbrev  0x00000000       0x12 CMakeFiles/hello.elf.dir/C_/Users/11958/Desktop/STM32_Template/arch/cortex-m4/cortex_m4_startup_gcc.s.obj
 .debug_abbrev  0x00000012      0x220 CMakeFiles/hello.elf.dir/C_/Users/11958/Desktop/STM32_Template/arch/cortex-m4/port.c.obj
 .debug_abbrev  0x00000232      0x170 CMakeFiles/hello.elf.dir/C_/Users/11958/Desktop/STM32_Template/Drivers/STM32F4xx_StdPeriph_Driver/src/misc.c.obj
 .debug_abbrev  0x000003a2      0x165 CMakeFiles/hello.elf.dir/C_/Users/11958/Desktop/STM32_Template/Drivers/STM32F4xx_StdPeriph_Driver/src/system_stm32f4xx.c.obj
 .debug_abbrev  0x00000507      0x1d3 CMakeFiles/hello.elf.dir/C_/Users/11958/Desktop/STM32_Template/Drivers/STM32F4xx_StdPeriph_Driver/src/stm32f4xx_rcc.c.obj
 .debug_abbrev  0x000006da      0x1c0 CMakeFiles/hello.elf.dir/C_/Users/11958/Desktop/STM32_Template/Drivers/STM32F4xx_StdPeriph_Driver/src/stm32f4xx_gpio.c.obj
 .debug_abbrev  0x0000089a      0x182 CMakeFiles/hello.elf.dir/C_/Users/11958/Desktop/STM32_Template/Drivers/STM32F4xx_StdPeriph_Driver/src/stm32f4xx_usart.c.obj
 .debug_abbrev  0x00000a1c      0x144 CMakeFiles/hello.elf.dir/main.c.obj
 .debug_abbrev  0x00000b60      0x16f CMakeFiles/hello.elf.dir/debug_info.c.obj
 .debug_abbrev  0x00000ccf       0xe8 CMakeFiles/hello.elf.dir/C_/Users/11958/Desktop/STM32_Template/kernel/FreeRTOS/list.c.obj
 .debug_abbrev  0x00000db7      0x2f5 CMakeFiles/hello.elf.dir/C_/Users/11958/Desktop/STM32_Template/kernel/FreeRTOS/tasks.c.obj
 .debug_abbrev  0x000010ac       0xc5 CMakeFiles/hello.elf.dir/C_/Users/11958/Desktop/STM32_Template/kernel/FreeRTOS/MemMang/heap_3.c.obj

.debug_aranges  0x00000000      0x7a0
 .debug_aranges
                0x00000000       0x28 CMakeFiles/hello.elf.dir/C_/Users/11958/Desktop/STM32_Template/arch/cortex-m4/cortex_m4_startup_gcc.s.obj
 .debug_aranges
                0x00000028       0x80 CMakeFiles/hello.elf.dir/C_/Users/11958/Desktop/STM32_Template/arch/cortex-m4/port.c.obj
 .debug_aranges
                0x000000a8       0x40 CMakeFiles/hello.elf.dir/C_/Users/11958/Desktop/STM32_Template/Drivers/STM32F4xx_StdPeriph_Driver/src/misc.c.obj
 .debug_aranges
                0x000000e8       0x30 CMakeFiles/hello.elf.dir/C_/Users/11958/Desktop/STM32_Template/Drivers/STM32F4xx_StdPeriph_Driver/src/system_stm32f4xx.c.obj
 .debug_aranges
                0x00000118      0x1c0 CMakeFiles/hello.elf.dir/C_/Users/11958/Desktop/STM32_Template/Drivers/STM32F4xx_StdPeriph_Driver/src/stm32f4xx_rcc.c.obj
 .debug_aranges
                0x000002d8       0x88 CMakeFiles/hello.elf.dir/C_/Users/11958/Desktop/STM32_Template/Drivers/STM32F4xx_StdPeriph_Driver/src/stm32f4xx_gpio.c.obj
 .debug_aranges
                0x00000360      0x100 CMakeFiles/hello.elf.dir/C_/Users/11958/Desktop/STM32_Template/Drivers/STM32F4xx_StdPeriph_Driver/src/stm32f4xx_usart.c.obj
 .debug_aranges
                0x00000460       0x28 CMakeFiles/hello.elf.dir/main.c.obj
 .debug_aranges
                0x00000488       0x28 CMakeFiles/hello.elf.dir/debug_info.c.obj
 .debug_aranges
                0x000004b0       0x40 CMakeFiles/hello.elf.dir/C_/Users/11958/Desktop/STM32_Template/kernel/FreeRTOS/list.c.obj
 .debug_aranges
                0x000004f0      0x280 CMakeFiles/hello.elf.dir/C_/Users/11958/Desktop/STM32_Template/kernel/FreeRTOS/tasks.c.obj
 .debug_aranges
                0x00000770       0x30 CMakeFiles/hello.elf.dir/C_/Users/11958/Desktop/STM32_Template/kernel/FreeRTOS/MemMang/heap_3.c.obj

.debug_str      0x00000000     0x2b6d
 .debug_str     0x00000000       0x8b CMakeFiles/hello.elf.dir/C_/Users/11958/Desktop/STM32_Template/arch/cortex-m4/cortex_m4_startup_gcc.s.obj
 .debug_str     0x0000008b      0x430 CMakeFiles/hello.elf.dir/C_/Users/11958/Desktop/STM32_Template/arch/cortex-m4/port.c.obj
                                0x4ad (size before relaxing)
 .debug_str     0x000004bb      0x29e CMakeFiles/hello.elf.dir/C_/Users/11958/Desktop/STM32_Template/Drivers/STM32F4xx_StdPeriph_Driver/src/misc.c.obj
                                0x41c (size before relaxing)
 .debug_str     0x00000759      0x1f5 CMakeFiles/hello.elf.dir/C_/Users/11958/Desktop/STM32_Template/Drivers/STM32F4xx_StdPeriph_Driver/src/system_stm32f4xx.c.obj
                                0x42a (size before relaxing)
 .debug_str     0x0000094e      0x6db CMakeFiles/hello.elf.dir/C_/Users/11958/Desktop/STM32_Template/Drivers/STM32F4xx_StdPeriph_Driver/src/stm32f4xx_rcc.c.obj
                                0xa10 (size before relaxing)
 .debug_str     0x00001029      0x332 CMakeFiles/hello.elf.dir/C_/Users/11958/Desktop/STM32_Template/Drivers/STM32F4xx_StdPeriph_Driver/src/stm32f4xx_gpio.c.obj
                                0x4e7 (size before relaxing)
 .debug_str     0x0000135b      0x44b CMakeFiles/hello.elf.dir/C_/Users/11958/Desktop/STM32_Template/Drivers/STM32F4xx_StdPeriph_Driver/src/stm32f4xx_usart.c.obj
                                0x6dd (size before relaxing)
 .debug_str     0x000017a6      0x151 CMakeFiles/hello.elf.dir/main.c.obj
                                0x30d (size before relaxing)
 .debug_str     0x000018f7       0x7f CMakeFiles/hello.elf.dir/debug_info.c.obj
                                0x488 (size before relaxing)
 .debug_str     0x00001976      0x14a CMakeFiles/hello.elf.dir/C_/Users/11958/Desktop/STM32_Template/kernel/FreeRTOS/list.c.obj
                                0x2f3 (size before relaxing)
 .debug_str     0x00001ac0     0x1026 CMakeFiles/hello.elf.dir/C_/Users/11958/Desktop/STM32_Template/kernel/FreeRTOS/tasks.c.obj
                               0x14a2 (size before relaxing)
 .debug_str     0x00002ae6       0x87 CMakeFiles/hello.elf.dir/C_/Users/11958/Desktop/STM32_Template/kernel/FreeRTOS/MemMang/heap_3.c.obj
                                0x201 (size before relaxing)

.debug_ranges   0x00000000      0x708
 .debug_ranges  0x00000000       0x20 CMakeFiles/hello.elf.dir/C_/Users/11958/Desktop/STM32_Template/arch/cortex-m4/cortex_m4_startup_gcc.s.obj
 .debug_ranges  0x00000020       0x70 CMakeFiles/hello.elf.dir/C_/Users/11958/Desktop/STM32_Template/arch/cortex-m4/port.c.obj
 .debug_ranges  0x00000090       0x30 CMakeFiles/hello.elf.dir/C_/Users/11958/Desktop/STM32_Template/Drivers/STM32F4xx_StdPeriph_Driver/src/misc.c.obj
 .debug_ranges  0x000000c0       0x20 CMakeFiles/hello.elf.dir/C_/Users/11958/Desktop/STM32_Template/Drivers/STM32F4xx_StdPeriph_Driver/src/system_stm32f4xx.c.obj
 .debug_ranges  0x000000e0      0x1b0 CMakeFiles/hello.elf.dir/C_/Users/11958/Desktop/STM32_Template/Drivers/STM32F4xx_StdPeriph_Driver/src/stm32f4xx_rcc.c.obj
 .debug_ranges  0x00000290       0x78 CMakeFiles/hello.elf.dir/C_/Users/11958/Desktop/STM32_Template/Drivers/STM32F4xx_StdPeriph_Driver/src/stm32f4xx_gpio.c.obj
 .debug_ranges  0x00000308       0xf0 CMakeFiles/hello.elf.dir/C_/Users/11958/Desktop/STM32_Template/Drivers/STM32F4xx_StdPeriph_Driver/src/stm32f4xx_usart.c.obj
 .debug_ranges  0x000003f8       0x18 CMakeFiles/hello.elf.dir/main.c.obj
 .debug_ranges  0x00000410       0x18 CMakeFiles/hello.elf.dir/debug_info.c.obj
 .debug_ranges  0x00000428       0x30 CMakeFiles/hello.elf.dir/C_/Users/11958/Desktop/STM32_Template/kernel/FreeRTOS/list.c.obj
 .debug_ranges  0x00000458      0x290 CMakeFiles/hello.elf.dir/C_/Users/11958/Desktop/STM32_Template/kernel/FreeRTOS/tasks.c.obj
 .debug_ranges  0x000006e8       0x20 CMakeFiles/hello.elf.dir/C_/Users/11958/Desktop/STM32_Template/kernel/FreeRTOS/MemMang/heap_3.c.obj

.debug_frame    0x00000000     0x2860
 .debug_frame   0x00000000      0x19c CMakeFiles/hello.elf.dir/C_/Users/11958/Desktop/STM32_Template/arch/cortex-m4/port.c.obj
 .debug_frame   0x0000019c       0xd8 CMakeFiles/hello.elf.dir/C_/Users/11958/Desktop/STM32_Template/Drivers/STM32F4xx_StdPeriph_Driver/src/misc.c.obj
 .debug_frame   0x00000274       0x7c CMakeFiles/hello.elf.dir/C_/Users/11958/Desktop/STM32_Template/Drivers/STM32F4xx_StdPeriph_Driver/src/system_stm32f4xx.c.obj
 .debug_frame   0x000002f0      0x83c CMakeFiles/hello.elf.dir/C_/Users/11958/Desktop/STM32_Template/Drivers/STM32F4xx_StdPeriph_Driver/src/stm32f4xx_rcc.c.obj
 .debug_frame   0x00000b2c      0x23c CMakeFiles/hello.elf.dir/C_/Users/11958/Desktop/STM32_Template/Drivers/STM32F4xx_StdPeriph_Driver/src/stm32f4xx_gpio.c.obj
 .debug_frame   0x00000d68      0x490 CMakeFiles/hello.elf.dir/C_/Users/11958/Desktop/STM32_Template/Drivers/STM32F4xx_StdPeriph_Driver/src/stm32f4xx_usart.c.obj
 .debug_frame   0x000011f8       0x54 CMakeFiles/hello.elf.dir/main.c.obj
 .debug_frame   0x0000124c       0x58 CMakeFiles/hello.elf.dir/debug_info.c.obj
 .debug_frame   0x000012a4       0xd8 CMakeFiles/hello.elf.dir/C_/Users/11958/Desktop/STM32_Template/kernel/FreeRTOS/list.c.obj
 .debug_frame   0x0000137c      0xb2c CMakeFiles/hello.elf.dir/C_/Users/11958/Desktop/STM32_Template/kernel/FreeRTOS/tasks.c.obj
 .debug_frame   0x00001ea8       0x78 CMakeFiles/hello.elf.dir/C_/Users/11958/Desktop/STM32_Template/kernel/FreeRTOS/MemMang/heap_3.c.obj
 .debug_frame   0x00001f20       0x20 c:/program files (x86)/gnu arm embedded toolchain/10 2021.10/bin/../lib/gcc/arm-none-eabi/10.3.1/../../../../arm-none-eabi/lib/thumb/v7e-m+fp/hard\libc.a(lib_a-errno.o)
 .debug_frame   0x00001f40       0x30 c:/program files (x86)/gnu arm embedded toolchain/10 2021.10/bin/../lib/gcc/arm-none-eabi/10.3.1/../../../../arm-none-eabi/lib/thumb/v7e-m+fp/hard\libc.a(lib_a-malloc.o)
 .debug_frame   0x00001f70       0x4c c:/program files (x86)/gnu arm embedded toolchain/10 2021.10/bin/../lib/gcc/arm-none-eabi/10.3.1/../../../../arm-none-eabi/lib/thumb/v7e-m+fp/hard\libc.a(lib_a-mallocr.o)
 .debug_frame   0x00001fbc       0x2c c:/program files (x86)/gnu arm embedded toolchain/10 2021.10/bin/../lib/gcc/arm-none-eabi/10.3.1/../../../../arm-none-eabi/lib/thumb/v7e-m+fp/hard\libc.a(lib_a-memset.o)
 .debug_frame   0x00001fe8       0x30 c:/program files (x86)/gnu arm embedded toolchain/10 2021.10/bin/../lib/gcc/arm-none-eabi/10.3.1/../../../../arm-none-eabi/lib/thumb/v7e-m+fp/hard\libc.a(lib_a-mlock.o)
 .debug_frame   0x00002018       0x4c c:/program files (x86)/gnu arm embedded toolchain/10 2021.10/bin/../lib/gcc/arm-none-eabi/10.3.1/../../../../arm-none-eabi/lib/thumb/v7e-m+fp/hard\libc.a(lib_a-puts.o)
 .debug_frame   0x00002064       0x2c c:/program files (x86)/gnu arm embedded toolchain/10 2021.10/bin/../lib/gcc/arm-none-eabi/10.3.1/../../../../arm-none-eabi/lib/thumb/v7e-m+fp/hard\libc.a(lib_a-sbrkr.o)
 .debug_frame   0x00002090      0x154 c:/program files (x86)/gnu arm embedded toolchain/10 2021.10/bin/../lib/gcc/arm-none-eabi/10.3.1/../../../../arm-none-eabi/lib/thumb/v7e-m+fp/hard\libc.a(lib_a-findfp.o)
 .debug_frame   0x000021e4       0x8c c:/program files (x86)/gnu arm embedded toolchain/10 2021.10/bin/../lib/gcc/arm-none-eabi/10.3.1/../../../../arm-none-eabi/lib/thumb/v7e-m+fp/hard\libc.a(lib_a-freer.o)
 .debug_frame   0x00002270       0x64 c:/program files (x86)/gnu arm embedded toolchain/10 2021.10/bin/../lib/gcc/arm-none-eabi/10.3.1/../../../../arm-none-eabi/lib/thumb/v7e-m+fp/hard\libc.a(lib_a-fvwrite.o)
 .debug_frame   0x000022d4       0x54 c:/program files (x86)/gnu arm embedded toolchain/10 2021.10/bin/../lib/gcc/arm-none-eabi/10.3.1/../../../../arm-none-eabi/lib/thumb/v7e-m+fp/hard\libc.a(lib_a-fwalk.o)
 .debug_frame   0x00002328       0xb0 c:/program files (x86)/gnu arm embedded toolchain/10 2021.10/bin/../lib/gcc/arm-none-eabi/10.3.1/../../../../arm-none-eabi/lib/thumb/v7e-m+fp/hard\libc.a(lib_a-lock.o)
 .debug_frame   0x000023d8       0x40 c:/program files (x86)/gnu arm embedded toolchain/10 2021.10/bin/../lib/gcc/arm-none-eabi/10.3.1/../../../../arm-none-eabi/lib/thumb/v7e-m+fp/hard\libc.a(lib_a-memmove.o)
 .debug_frame   0x00002418       0x48 c:/program files (x86)/gnu arm embedded toolchain/10 2021.10/bin/../lib/gcc/arm-none-eabi/10.3.1/../../../../arm-none-eabi/lib/thumb/v7e-m+fp/hard\libc.a(lib_a-reallocr.o)
 .debug_frame   0x00002460       0x64 c:/program files (x86)/gnu arm embedded toolchain/10 2021.10/bin/../lib/gcc/arm-none-eabi/10.3.1/../../../../arm-none-eabi/lib/thumb/v7e-m+fp/hard\libc.a(lib_a-reent.o)
 .debug_frame   0x000024c4       0x8c c:/program files (x86)/gnu arm embedded toolchain/10 2021.10/bin/../lib/gcc/arm-none-eabi/10.3.1/../../../../arm-none-eabi/lib/thumb/v7e-m+fp/hard\libc.a(lib_a-stdio.o)
 .debug_frame   0x00002550       0x2c c:/program files (x86)/gnu arm embedded toolchain/10 2021.10/bin/../lib/gcc/arm-none-eabi/10.3.1/../../../../arm-none-eabi/lib/thumb/v7e-m+fp/hard\libc.a(lib_a-writer.o)
 .debug_frame   0x0000257c       0x2c c:/program files (x86)/gnu arm embedded toolchain/10 2021.10/bin/../lib/gcc/arm-none-eabi/10.3.1/../../../../arm-none-eabi/lib/thumb/v7e-m+fp/hard\libc.a(lib_a-wsetup.o)
 .debug_frame   0x000025a8       0x2c c:/program files (x86)/gnu arm embedded toolchain/10 2021.10/bin/../lib/gcc/arm-none-eabi/10.3.1/../../../../arm-none-eabi/lib/thumb/v7e-m+fp/hard\libc.a(lib_a-closer.o)
 .debug_frame   0x000025d4       0x3c c:/program files (x86)/gnu arm embedded toolchain/10 2021.10/bin/../lib/gcc/arm-none-eabi/10.3.1/../../../../arm-none-eabi/lib/thumb/v7e-m+fp/hard\libc.a(lib_a-fclose.o)
 .debug_frame   0x00002610       0x70 c:/program files (x86)/gnu arm embedded toolchain/10 2021.10/bin/../lib/gcc/arm-none-eabi/10.3.1/../../../../arm-none-eabi/lib/thumb/v7e-m+fp/hard\libc.a(lib_a-fflush.o)
 .debug_frame   0x00002680       0x2c c:/program files (x86)/gnu arm embedded toolchain/10 2021.10/bin/../lib/gcc/arm-none-eabi/10.3.1/../../../../arm-none-eabi/lib/thumb/v7e-m+fp/hard\libc.a(lib_a-lseekr.o)
 .debug_frame   0x000026ac       0x70 c:/program files (x86)/gnu arm embedded toolchain/10 2021.10/bin/../lib/gcc/arm-none-eabi/10.3.1/../../../../arm-none-eabi/lib/thumb/v7e-m+fp/hard\libc.a(lib_a-makebuf.o)
 .debug_frame   0x0000271c       0x2c c:/program files (x86)/gnu arm embedded toolchain/10 2021.10/bin/../lib/gcc/arm-none-eabi/10.3.1/../../../../arm-none-eabi/lib/thumb/v7e-m+fp/hard\libc.a(lib_a-readr.o)
 .debug_frame   0x00002748       0x2c c:/program files (x86)/gnu arm embedded toolchain/10 2021.10/bin/../lib/gcc/arm-none-eabi/10.3.1/../../../../arm-none-eabi/lib/thumb/v7e-m+fp/hard\libc.a(lib_a-fstatr.o)
 .debug_frame   0x00002774       0x2c c:/program files (x86)/gnu arm embedded toolchain/10 2021.10/bin/../lib/gcc/arm-none-eabi/10.3.1/../../../../arm-none-eabi/lib/thumb/v7e-m+fp/hard\libc.a(lib_a-isattyr.o)
 .debug_frame   0x000027a0       0x20 c:/program files (x86)/gnu arm embedded toolchain/10 2021.10/bin/../lib/gcc/arm-none-eabi/10.3.1/../../../../arm-none-eabi/lib/thumb/v7e-m+fp/hard\libnosys.a(close.o)
 .debug_frame   0x000027c0       0x20 c:/program files (x86)/gnu arm embedded toolchain/10 2021.10/bin/../lib/gcc/arm-none-eabi/10.3.1/../../../../arm-none-eabi/lib/thumb/v7e-m+fp/hard\libnosys.a(fstat.o)
 .debug_frame   0x000027e0       0x20 c:/program files (x86)/gnu arm embedded toolchain/10 2021.10/bin/../lib/gcc/arm-none-eabi/10.3.1/../../../../arm-none-eabi/lib/thumb/v7e-m+fp/hard\libnosys.a(isatty.o)
 .debug_frame   0x00002800       0x20 c:/program files (x86)/gnu arm embedded toolchain/10 2021.10/bin/../lib/gcc/arm-none-eabi/10.3.1/../../../../arm-none-eabi/lib/thumb/v7e-m+fp/hard\libnosys.a(lseek.o)
 .debug_frame   0x00002820       0x20 c:/program files (x86)/gnu arm embedded toolchain/10 2021.10/bin/../lib/gcc/arm-none-eabi/10.3.1/../../../../arm-none-eabi/lib/thumb/v7e-m+fp/hard\libnosys.a(read.o)
 .debug_frame   0x00002840       0x20 c:/program files (x86)/gnu arm embedded toolchain/10 2021.10/bin/../lib/gcc/arm-none-eabi/10.3.1/../../../../arm-none-eabi/lib/thumb/v7e-m+fp/hard\libnosys.a(sbrk.o)

.stab           0x00000000       0x84
 .stab          0x00000000       0x24 c:/program files (x86)/gnu arm embedded toolchain/10 2021.10/bin/../lib/gcc/arm-none-eabi/10.3.1/../../../../arm-none-eabi/lib/thumb/v7e-m+fp/hard\libnosys.a(close.o)
 .stab          0x00000024       0x18 c:/program files (x86)/gnu arm embedded toolchain/10 2021.10/bin/../lib/gcc/arm-none-eabi/10.3.1/../../../../arm-none-eabi/lib/thumb/v7e-m+fp/hard\libnosys.a(fstat.o)
                                 0x24 (size before relaxing)
 .stab          0x0000003c       0x18 c:/program files (x86)/gnu arm embedded toolchain/10 2021.10/bin/../lib/gcc/arm-none-eabi/10.3.1/../../../../arm-none-eabi/lib/thumb/v7e-m+fp/hard\libnosys.a(isatty.o)
                                 0x24 (size before relaxing)
 .stab          0x00000054       0x18 c:/program files (x86)/gnu arm embedded toolchain/10 2021.10/bin/../lib/gcc/arm-none-eabi/10.3.1/../../../../arm-none-eabi/lib/thumb/v7e-m+fp/hard\libnosys.a(lseek.o)
                                 0x24 (size before relaxing)
 .stab          0x0000006c       0x18 c:/program files (x86)/gnu arm embedded toolchain/10 2021.10/bin/../lib/gcc/arm-none-eabi/10.3.1/../../../../arm-none-eabi/lib/thumb/v7e-m+fp/hard\libnosys.a(read.o)
                                 0x24 (size before relaxing)

.stabstr        0x00000000      0x117
 .stabstr       0x00000000      0x117 c:/program files (x86)/gnu arm embedded toolchain/10 2021.10/bin/../lib/gcc/arm-none-eabi/10.3.1/../../../../arm-none-eabi/lib/thumb/v7e-m+fp/hard\libnosys.a(close.o)
