Archive member included to satisfy reference by file (symbol)

c:/users/11958/desktop/template/tools/riscv/tool-chain/bin/../lib/gcc/riscv32-unknown-elf/11.1.0/../../../../riscv32-unknown-elf/lib/rv32imafdc/ilp32f\libc.a(lib_a-assert.o)
                              CMakeFiles/hello.elf.dir/arch/riscv/l1c/hpm_l1c_drv.c.obj (__assert_func)
c:/users/11958/desktop/template/tools/riscv/tool-chain/bin/../lib/gcc/riscv32-unknown-elf/11.1.0/../../../../riscv32-unknown-elf/lib/rv32imafdc/ilp32f\libc.a(lib_a-fiprintf.o)
                              c:/users/11958/desktop/template/tools/riscv/tool-chain/bin/../lib/gcc/riscv32-unknown-elf/11.1.0/../../../../riscv32-unknown-elf/lib/rv32imafdc/ilp32f\libc.a(lib_a-assert.o) (fiprintf)
c:/users/11958/desktop/template/tools/riscv/tool-chain/bin/../lib/gcc/riscv32-unknown-elf/11.1.0/../../../../riscv32-unknown-elf/lib/rv32imafdc/ilp32f\libc.a(lib_a-impure.o)
                              c:/users/11958/desktop/template/tools/riscv/tool-chain/bin/../lib/gcc/riscv32-unknown-elf/11.1.0/../../../../riscv32-unknown-elf/lib/rv32imafdc/ilp32f\libc.a(lib_a-assert.o) (_impure_ptr)
c:/users/11958/desktop/template/tools/riscv/tool-chain/bin/../lib/gcc/riscv32-unknown-elf/11.1.0/../../../../riscv32-unknown-elf/lib/rv32imafdc/ilp32f\libc.a(lib_a-printf.o)
                              CMakeFiles/hello.elf.dir/board/HPM6450/board_bsp.c.obj (printf)
c:/users/11958/desktop/template/tools/riscv/tool-chain/bin/../lib/gcc/riscv32-unknown-elf/11.1.0/../../../../riscv32-unknown-elf/lib/rv32imafdc/ilp32f\libc.a(lib_a-strcmp.o)
                              CMakeFiles/hello.elf.dir/subsys/uart_hal/subsys_uart.c.obj (strcmp)
c:/users/11958/desktop/template/tools/riscv/tool-chain/bin/../lib/gcc/riscv32-unknown-elf/11.1.0/../../../../riscv32-unknown-elf/lib/rv32imafdc/ilp32f\libc.a(lib_a-vfiprintf.o)
                              c:/users/11958/desktop/template/tools/riscv/tool-chain/bin/../lib/gcc/riscv32-unknown-elf/11.1.0/../../../../riscv32-unknown-elf/lib/rv32imafdc/ilp32f\libc.a(lib_a-fiprintf.o) (_vfiprintf_r)
c:/users/11958/desktop/template/tools/riscv/tool-chain/bin/../lib/gcc/riscv32-unknown-elf/11.1.0/../../../../riscv32-unknown-elf/lib/rv32imafdc/ilp32f\libc.a(lib_a-vfprintf.o)
                              c:/users/11958/desktop/template/tools/riscv/tool-chain/bin/../lib/gcc/riscv32-unknown-elf/11.1.0/../../../../riscv32-unknown-elf/lib/rv32imafdc/ilp32f\libc.a(lib_a-printf.o) (_vfprintf_r)
c:/users/11958/desktop/template/tools/riscv/tool-chain/bin/../lib/gcc/riscv32-unknown-elf/11.1.0/../../../../riscv32-unknown-elf/lib/rv32imafdc/ilp32f\libc.a(lib_a-wsetup.o)
                              c:/users/11958/desktop/template/tools/riscv/tool-chain/bin/../lib/gcc/riscv32-unknown-elf/11.1.0/../../../../riscv32-unknown-elf/lib/rv32imafdc/ilp32f\libc.a(lib_a-vfiprintf.o) (__swsetup_r)
c:/users/11958/desktop/template/tools/riscv/tool-chain/bin/../lib/gcc/riscv32-unknown-elf/11.1.0/../../../../riscv32-unknown-elf/lib/rv32imafdc/ilp32f\libc.a(lib_a-abort.o)
                              c:/users/11958/desktop/template/tools/riscv/tool-chain/bin/../lib/gcc/riscv32-unknown-elf/11.1.0/../../../../riscv32-unknown-elf/lib/rv32imafdc/ilp32f\libc.a(lib_a-assert.o) (abort)
c:/users/11958/desktop/template/tools/riscv/tool-chain/bin/../lib/gcc/riscv32-unknown-elf/11.1.0/../../../../riscv32-unknown-elf/lib/rv32imafdc/ilp32f\libc.a(lib_a-fflush.o)
                              c:/users/11958/desktop/template/tools/riscv/tool-chain/bin/../lib/gcc/riscv32-unknown-elf/11.1.0/../../../../riscv32-unknown-elf/lib/rv32imafdc/ilp32f\libc.a(lib_a-vfiprintf.o) (_fflush_r)
c:/users/11958/desktop/template/tools/riscv/tool-chain/bin/../lib/gcc/riscv32-unknown-elf/11.1.0/../../../../riscv32-unknown-elf/lib/rv32imafdc/ilp32f\libc.a(lib_a-findfp.o)
                              c:/users/11958/desktop/template/tools/riscv/tool-chain/bin/../lib/gcc/riscv32-unknown-elf/11.1.0/../../../../riscv32-unknown-elf/lib/rv32imafdc/ilp32f\libc.a(lib_a-vfiprintf.o) (__sinit)
c:/users/11958/desktop/template/tools/riscv/tool-chain/bin/../lib/gcc/riscv32-unknown-elf/11.1.0/../../../../riscv32-unknown-elf/lib/rv32imafdc/ilp32f\libc.a(lib_a-fputwc.o)
                              c:/users/11958/desktop/template/tools/riscv/tool-chain/bin/../lib/gcc/riscv32-unknown-elf/11.1.0/../../../../riscv32-unknown-elf/lib/rv32imafdc/ilp32f\libc.a(lib_a-vfiprintf.o) (_fputwc_r)
c:/users/11958/desktop/template/tools/riscv/tool-chain/bin/../lib/gcc/riscv32-unknown-elf/11.1.0/../../../../riscv32-unknown-elf/lib/rv32imafdc/ilp32f\libc.a(lib_a-freer.o)
                              c:/users/11958/desktop/template/tools/riscv/tool-chain/bin/../lib/gcc/riscv32-unknown-elf/11.1.0/../../../../riscv32-unknown-elf/lib/rv32imafdc/ilp32f\libc.a(lib_a-vfprintf.o) (_free_r)
c:/users/11958/desktop/template/tools/riscv/tool-chain/bin/../lib/gcc/riscv32-unknown-elf/11.1.0/../../../../riscv32-unknown-elf/lib/rv32imafdc/ilp32f\libc.a(lib_a-fvwrite.o)
[...]
Memory Configuration

Name             Origin             Length             Attributes
ILM              0x0000000000000000 0x0000000000040000 xw
DLM              0x0000000000080000 0x0000000000040000 w
AXI_SRAM         0x0000000001080000 0x0000000000080000 xw
NONCACHEABLE_RAM 0x0000000001100000 0x0000000000040000 xw
SHARE_RAM        0x000000000117c000 0x0000000000004000 w
AHB_SRAM         0x00000000f0300000 0x0000000000008000 w
APB_SRAM         0x00000000f40f0000 0x0000000000002000 w
*default*        0x0000000000000000 0xffffffffffffffff

Linker script and memory map

LOAD CMakeFiles/hello.elf.dir/arch/riscv/hpm/toolchains/gcc/stdio_weak.c.obj
LOAD CMakeFiles/hello.elf.dir/arch/riscv/l1c/hpm_l1c_drv.c.obj
LOAD CMakeFiles/hello.elf.dir/arch/riscv/hpm/toolchains/reset.c.obj
LOAD CMakeFiles/hello.elf.dir/arch/riscv/hpm/toolchains/initfini.c.obj
LOAD CMakeFiles/hello.elf.dir/arch/riscv/hpm/system.c.obj
LOAD CMakeFiles/hello.elf.dir/arch/riscv/hpm/trap.c.obj
LOAD CMakeFiles/hello.elf.dir/drivers/HPM/drivers/src/hpm_pcfg_drv.c.obj
LOAD CMakeFiles/hello.elf.dir/drivers/HPM/drivers/src/hpm_pllctl_drv.c.obj
LOAD CMakeFiles/hello.elf.dir/drivers/HPM/drivers/src/hpm_uart_drv.c.obj
LOAD CMakeFiles/hello.elf.dir/drivers/HPM/HPM6700/HPM6750/hpm_clock_drv.c.obj
LOAD CMakeFiles/hello.elf.dir/drivers/HPM/HPM6700/HPM6750/hpm_sysctl_drv.c.obj
LOAD CMakeFiles/hello.elf.dir/component/debug/serial_debug.c.obj
LOAD CMakeFiles/hello.elf.dir/board/HPM6450/board_bsp.c.obj
LOAD CMakeFiles/hello.elf.dir/board/HPM6450/bsp/hpm6450dp_uart12.c.obj
LOAD CMakeFiles/hello.elf.dir/subsys/uart_hal/subsys_uart.c.obj
LOAD CMakeFiles/hello.elf.dir/subsys/spi_hal/subsys_spi.c.obj
LOAD c:/users/11958/desktop/template/tools/riscv/tool-chain/bin/../lib/gcc/riscv32-unknown-elf/11.1.0/../../../../riscv32-unknown-elf/lib/rv32imafdc/ilp32f\libc.a
LOAD c:/users/11958/desktop/template/tools/riscv/tool-chain/bin/../lib/gcc/riscv32-unknown-elf/11.1.0/../../../../riscv32-unknown-elf/lib/rv32imafdc/ilp32f\libm.a
LOAD c:/users/11958/desktop/template/tools/riscv/tool-chain/bin/../lib/gcc/riscv32-unknown-elf/11.1.0/../../../../riscv32-unknown-elf/lib/rv32imafdc/ilp32f\libnosys.a
LOAD c:/users/11958/desktop/template/tools/riscv/tool-chain/bin/../lib/gcc/riscv32-unknown-elf/11.1.0/rv32imafdc/ilp32f\libgcc.a
START GROUP
LOAD c:/users/11958/desktop/template/tools/riscv/tool-chain/bin/../lib/gcc/riscv32-unknown-elf/11.1.0/../../../../riscv32-unknown-elf/lib/rv32imafdc/ilp32f\libc.a
END GROUP
LOAD c:/users/11958/desktop/template/tools/riscv/tool-chain/bin/../lib/gcc/riscv32-unknown-elf/11.1.0/rv32imafdc/ilp32f\libgcc.a
START GROUP
LOAD c:/users/11958/desktop/template/tools/riscv/tool-chain/bin/../lib/gcc/riscv32-unknown-elf/11.1.0/rv32imafdc/ilp32f\libgcc.a
LOAD c:/users/11958/desktop/template/tools/riscv/tool-chain/bin/../lib/gcc/riscv32-unknown-elf/11.1.0/../../../../riscv32-unknown-elf/lib/rv32imafdc/ilp32f\libc.a
LOAD c:/users/11958/desktop/template/tools/riscv/tool-chain/bin/../lib/gcc/riscv32-unknown-elf/11.1.0/../../../../riscv32-unknown-elf/lib/rv32imafdc/ilp32f\libnosys.a
END GROUP
                0x0000000000004000                STACK_SIZE = 0x4000
                0x0000000000004000                HEAP_SIZE = 0x4000

.start          0x0000000000000000        0x0
                0x0000000000000000                . = ALIGN (0x8)
 *(.start)
                0x0000000000000000                . = ALIGN (0x8)

.vectors        0x0000000000000000      0x250
                0x0000000000000000                . = ALIGN (0x8)
 *(.isr_vector)
 .isr_vector    0x0000000000000000      0x24c CMakeFiles/hello.elf.dir/arch/riscv/hpm/trap.c.obj
                0x0000000000000000                irq_handler_trap
 *(.isr_vector.*)
 *(.vector_table)
                0x0000000000000250                . = ALIGN (0x8)
 *fill*         0x000000000000024c        0x4 

.rel            0x0000000000000250        0x0
 *(.rel*)
 .rela.isr_vector
                0x0000000000000250        0x0 CMakeFiles/hello.elf.dir/arch/riscv/hpm/toolchains/reset.c.obj

.text           0x0000000000000250       0xd0
                0x0000000000000250                . = ALIGN (0x8)
 *(.text)
 *(.text*)
 .text.main     0x0000000000000250        0x8 CMakeFiles/hello.elf.dir/arch/riscv/hpm/toolchains/reset.c.obj
                0x0000000000000250                main
 .text._init    0x0000000000000258        0xe CMakeFiles/hello.elf.dir/arch/riscv/hpm/toolchains/reset.c.obj
                0x0000000000000258                _init
 .text.mchtmr_isr
                0x0000000000000266        0xe CMakeFiles/hello.elf.dir/arch/riscv/hpm/trap.c.obj
                0x0000000000000266                mchtmr_isr
 .text.swi_isr  0x0000000000000274        0xe CMakeFiles/hello.elf.dir/arch/riscv/hpm/trap.c.obj
                0x0000000000000274                swi_isr
 .text.syscall_handler
                0x0000000000000282       0x22 CMakeFiles/hello.elf.dir/arch/riscv/hpm/trap.c.obj
                0x0000000000000282                syscall_handler
 .text.exception_handler
                0x00000000000002a4       0x38 CMakeFiles/hello.elf.dir/arch/riscv/hpm/trap.c.obj
                0x00000000000002a4                exception_handler
 *(.rodata)
 *(.rodata*)
 .rodata.exception_handler
                0x00000000000002dc       0x40 CMakeFiles/hello.elf.dir/arch/riscv/hpm/trap.c.obj
 *(.srodata)
 *(.srodata*)
 *(.hash)
 *(.dyn*)
 *(.gnu*)
 *(.pl*)
 *(.init)
 *(.fini)
                0x0000000000000320                . = ALIGN (0x8)
 *fill*         0x000000000000031c        0x4 
                0x0000000000000320                __usbh_class_info_start__ = .
 *(.usbh_class_info)
                0x0000000000000320                __usbh_class_info_end__ = .
                0x0000000000000320                . = ALIGN (0x4)
                0x0000000000000320                __fsymtab_start = .
 *(FSymTab)
                0x0000000000000320                __fsymtab_end = .
                0x0000000000000320                . = ALIGN (0x4)
                0x0000000000000320                __vsymtab_start = .
 *(VSymTab)
                0x0000000000000320                __vsymtab_end = .
                0x0000000000000320                . = ALIGN (0x4)
                0x0000000000000320                . = ALIGN (0x4)
                0x0000000000000320                __rt_init_start = .
 *(SORT_BY_NAME(.rti_fn*))
                0x0000000000000320                __rt_init_end = .
                0x0000000000000320                . = ALIGN (0x4)
                0x0000000000000320                . = ALIGN (0x4)
                0x0000000000000320                __rtmsymtab_start = .
 *(RTMSymTab)
                0x0000000000000320                __rtmsymtab_end = .
                0x0000000000000320                . = ALIGN (0x8)

.eh_frame       0x0000000000000320        0x0
                0x0000000000000320                __eh_frame_start = .
 *(.eh_frame)
 .eh_frame      0x0000000000000320        0x0 c:/users/11958/desktop/template/tools/riscv/tool-chain/bin/../lib/gcc/riscv32-unknown-elf/11.1.0/rv32imafdc/ilp32f\libgcc.a(_udivdi3.o)
                                         0x28 (size before relaxing)
                0x0000000000000320                __eh_frame_end = .

.eh_frame_hdr   0x0000000000000320        0x0
 *(.eh_frame_hdr)
                0x0000000000000000                __eh_frame_hdr_start = (SIZEOF (.eh_frame_hdr) > 0x0)?ADDR (.eh_frame_hdr):0x0
                0x0000000000000000                __eh_frame_hdr_end = (SIZEOF (.eh_frame_hdr) > 0x0)?.:0x0
                0x0000000000000320                . = ALIGN (0x8)
                [!provide]                        PROVIDE (__etext = .)
                [!provide]                        PROVIDE (_etext = .)
                0x0000000000000320                PROVIDE (etext = .)
                0x0000000000000320                __data_load_addr__ = etext

.data           0x0000000001080000        0x0 load address 0x0000000000000320
                0x0000000001080000                . = ALIGN (0x8)
                0x0000000001080000                __data_start__ = .
                0x0000000001080800                __global_pointer$ = (. + 0x800)
 *(.data)
 *(.data*)
 *(.sdata)
 *(.sdata*)
 *(.jcr)
 *(.dynamic)
 *(.got*)
 *(.got)
 *(.gcc_except_table)
 *(.gcc_except_table.*)
                0x0000000001080000                . = ALIGN (0x8)
                0x0000000001080000                PROVIDE (__preinit_array_start = .)
 *(.preinit_array)
                0x0000000001080000                PROVIDE (__preinit_array_end = .)
                0x0000000001080000                . = ALIGN (0x8)
                0x0000000001080000                PROVIDE (__init_array_start = .)
 *(SORT_BY_INIT_PRIORITY(.init_array.*))
 *(.init_array)
                0x0000000001080000                PROVIDE (__init_array_end = .)
                0x0000000001080000                . = ALIGN (0x8)
                0x0000000001080000                PROVIDE (__fini_array_start = .)
 *(SORT_BY_INIT_PRIORITY(.fini_array.*))
 *(.fini_array)
                0x0000000001080000                PROVIDE (__fini_array_end = .)
                0x0000000001080000                . = ALIGN (0x8)
 *crtbegin*.o(.ctors)
 *(EXCLUDE_FILE(*crtend*.o) .ctors)
 *(SORT_BY_NAME(.ctors.*))
 *(.ctors)
                0x0000000001080000                . = ALIGN (0x8)
 *crtbegin*.o(.dtors)
 *(EXCLUDE_FILE(*crtend*.o) .dtors)
 *(SORT_BY_NAME(.dtors.*))
 *(.dtors)
                0x0000000001080000                . = ALIGN (0x8)
                0x0000000001080000                __data_end__ = .
                [!provide]                        PROVIDE (__edata = .)
                [!provide]                        PROVIDE (_edata = .)
                [!provide]                        PROVIDE (edata = .)
                0x0000000000000320                __fast_load_addr__ = (etext + SIZEOF (.data))

.fast           0x0000000000000320        0x0
                0x0000000000000320                . = ALIGN (0x8)
                0x0000000000000320                PROVIDE (__ramfunc_start__ = .)
 *(.fast)
 *(.fast.*)
                0x0000000000000320                . = ALIGN (0x8)
                0x0000000000000320                PROVIDE (__ramfunc_end__ = .)
                0x0000000000000320                __tdata_load_addr__ = ((etext + SIZEOF (.data)) + SIZEOF (.fast))

.tdata          0x0000000001080000        0x0 load address 0x0000000000000320
                0x0000000001080000                . = ALIGN (0x8)
                0x0000000001080000                PROVIDE (__tdata_start__ = .)
 *(.tdata)
 *(.tdata.*)
 *(.gnu.linkonce.td.*)
                0x0000000001080000                . = ALIGN (0x8)
                0x0000000001080000                PROVIDE (__tdata_end__ = .)

.tbss           0x0000000001080000        0x0
                0x0000000001080000                . = ALIGN (0x8)
                [!provide]                        PROVIDE (__tbss_start__ = .)
                0x0000000001080000                __thread_pointer$ = .
 *(.tbss)
 *(.tbss.*)
 *(.gnu.linkonce.tb.*)
 *(.tcommon)
                0x0000000001080000                . = ALIGN (0x8)
                [!provide]                        PROVIDE (__tbss_end__ = .)
                0x0000000000000320                __noncacheable_init_load_addr__ = (((etext + SIZEOF (.data)) + SIZEOF (.fast)) + SIZEOF (.tdata))

.noncacheable.init
                0x0000000001100000        0x0 load address 0x0000000000000320
                0x0000000001100000                . = ALIGN (0x8)
                0x0000000001100000                __noncacheable_init_start__ = .
 *(.noncacheable.init)
 *(.noncacheable.init.*)
                0x0000000001100000                __noncacheable_init_end__ = .
                0x0000000001100000                . = ALIGN (0x8)
                0x0000000000000320                __fast_ram_init_load_addr__ = ((((etext + SIZEOF (.data)) + SIZEOF (.fast)) + SIZEOF (.tdata)) + SIZEOF (.noncacheable.init))

.fast_ram.init  0x0000000000080000        0x0 load address 0x0000000000000320
                0x0000000000080000                . = ALIGN (0x8)
                0x0000000000080000                __fast_ram_init_start__ = .
 *(.fast_ram.init)
 *(.fast_ram.init.*)
                0x0000000000080000                __fast_ram_init_end__ = .
                0x0000000000080000                . = ALIGN (0x8)

.bss            0x0000000001080000        0x0
                0x0000000001080000                . = ALIGN (0x8)
                0x0000000001080000                __bss_start__ = .
 *(.bss)
 *(.bss*)
 *(.sbss*)
 *(.scommon)
 *(.scommon*)
 *(.dynsbss*)
 *(COMMON)
                0x0000000001080000                . = ALIGN (0x8)
                0x0000000001080000                _end = .
                0x0000000001080000                __bss_end__ = .

.framebuffer    0x0000000001080000        0x0
                0x0000000001080000                . = ALIGN (0x8)
 *(.framebuffer)
 *(.framebuffer.*)
                0x0000000001080000                . = ALIGN (0x8)

.noncacheable   0x0000000001100000        0x0
                0x0000000001100000                . = ALIGN (0x8)
 *(.noncacheable)
 *(.noncacheable.non_init)
 *(.noncacheable.non_init.*)
                0x0000000001100000                __noncacheable_bss_start__ = .
 *(.noncacheable.bss)
 *(.noncacheable.bss.*)
                0x0000000001100000                __noncacheable_bss_end__ = .
                0x0000000001100000                . = ALIGN (0x8)

.ahb_sram
 *(.ahb_sram)
 *(.ahb_sram.*)

.apb_sram
 *(.backup_sram)
 *(.backup_sram.*)

.sh_mem
 *(.sh_mem)
 *(.sh_mem.*)

.fast_ram       0x0000000000080000        0x0
                0x0000000000080000                . = ALIGN (0x8)
 *(.fast_ram)
 *(.fast_ram.non_init)
 *(.fast_ram.non_init.*)
                0x0000000000080000                __fast_ram_bss_start__ = .
 *(.fast_ram.bss)
 *(.fast_ram.bss.*)
                0x0000000000080000                __fast_ram_bss_end__ = .
                0x0000000000080000                . = ALIGN (0x8)

.heap           0x0000000000080000     0x4000
                0x0000000000080000                . = ALIGN (0x8)
                0x0000000000080000                __heap_start__ = .
                0x0000000000084000                . = (. + HEAP_SIZE)
 *fill*         0x0000000000080000     0x4000 
                0x0000000000084000                __heap_end__ = .

.stack          0x0000000000084000     0x4000
                0x0000000000084000                . = ALIGN (0x10)
                0x0000000000084000                __stack_base__ = .
                0x0000000000088000                . = (. + STACK_SIZE)
 *fill*         0x0000000000084000     0x4000 
                0x0000000000088000                . = ALIGN (0x10)
                [!provide]                        PROVIDE (_stack = .)
                [!provide]                        PROVIDE (_stack_safe = .)
                0x0000000001100000                __noncacheable_start__ = ORIGIN (NONCACHEABLE_RAM)
                0x0000000001140000                __noncacheable_end__ = (ORIGIN (NONCACHEABLE_RAM) + LENGTH (NONCACHEABLE_RAM))
                0x000000000117c000                __share_mem_start__ = ORIGIN (SHARE_RAM)
                0x0000000001180000                __share_mem_end__ = (ORIGIN (SHARE_RAM) + LENGTH (SHARE_RAM))
                0x0000000000000320                __fw_size__ = ((((((((((SIZEOF (.start) + SIZEOF (.vectors)) + SIZEOF (.rel)) + SIZEOF (.text)) + SIZEOF (.data)) + SIZEOF (.fast)) + SIZEOF (.tdata)) + SIZEOF (.noncacheable.init)) + SIZEOF (.fast_ram.init)) + SIZEOF (.eh_frame)) + SIZEOF (.eh_frame_hdr))
                0x0000000000000320                __last_addr__ = (__fast_ram_init_load_addr__ + SIZEOF (.fast_ram.init))
                0x0000000000000001                ASSERT (((__fw_size__ <= LENGTH (ILM)) && (__last_addr__ <= (ORIGIN (ILM) + LENGTH (ILM)))), ******  FAILED! ILM does not have enough space!  ******)
OUTPUT(hello.elf elf32-littleriscv)

.debug_info     0x0000000000000000      0xff5
 .debug_info    0x0000000000000000      0x538 CMakeFiles/hello.elf.dir/arch/riscv/hpm/toolchains/reset.c.obj
 .debug_info    0x0000000000000538      0x35c CMakeFiles/hello.elf.dir/arch/riscv/hpm/trap.c.obj
 .debug_info    0x0000000000000894      0x761 c:/users/11958/desktop/template/tools/riscv/tool-chain/bin/../lib/gcc/riscv32-unknown-elf/11.1.0/rv32imafdc/ilp32f\libgcc.a(_udivdi3.o)

.debug_abbrev   0x0000000000000000      0x5a8
 .debug_abbrev  0x0000000000000000      0x256 CMakeFiles/hello.elf.dir/arch/riscv/hpm/toolchains/reset.c.obj
 .debug_abbrev  0x0000000000000256      0x1ac CMakeFiles/hello.elf.dir/arch/riscv/hpm/trap.c.obj
 .debug_abbrev  0x0000000000000402      0x1a6 c:/users/11958/desktop/template/tools/riscv/tool-chain/bin/../lib/gcc/riscv32-unknown-elf/11.1.0/rv32imafdc/ilp32f\libgcc.a(_udivdi3.o)

.debug_aranges  0x0000000000000000       0xa8
 .debug_aranges
                0x0000000000000000       0x48 CMakeFiles/hello.elf.dir/arch/riscv/hpm/toolchains/reset.c.obj
 .debug_aranges
                0x0000000000000048       0x40 CMakeFiles/hello.elf.dir/arch/riscv/hpm/trap.c.obj
 .debug_aranges
                0x0000000000000088       0x20 c:/users/11958/desktop/template/tools/riscv/tool-chain/bin/../lib/gcc/riscv32-unknown-elf/11.1.0/rv32imafdc/ilp32f\libgcc.a(_udivdi3.o)

.debug_rnglists
                0x0000000000000000      0x18e
 .debug_rnglists
                0x0000000000000000       0x43 CMakeFiles/hello.elf.dir/arch/riscv/hpm/toolchains/reset.c.obj
 .debug_rnglists
                0x0000000000000043       0x3a CMakeFiles/hello.elf.dir/arch/riscv/hpm/trap.c.obj
 .debug_rnglists
                0x000000000000007d      0x111 c:/users/11958/desktop/template/tools/riscv/tool-chain/bin/../lib/gcc/riscv32-unknown-elf/11.1.0/rv32imafdc/ilp32f\libgcc.a(_udivdi3.o)

.debug_line     0x0000000000000000      0xea4
 .debug_line    0x0000000000000000      0x514 CMakeFiles/hello.elf.dir/arch/riscv/hpm/toolchains/reset.c.obj
 .debug_line    0x0000000000000514      0x269 CMakeFiles/hello.elf.dir/arch/riscv/hpm/trap.c.obj
 .debug_line    0x000000000000077d      0x727 c:/users/11958/desktop/template/tools/riscv/tool-chain/bin/../lib/gcc/riscv32-unknown-elf/11.1.0/rv32imafdc/ilp32f\libgcc.a(_udivdi3.o)

.debug_str      0x0000000000000000      0x8d7
 .debug_str     0x0000000000000000      0x689 CMakeFiles/hello.elf.dir/arch/riscv/hpm/toolchains/reset.c.obj
                                        0x6ef (size before relaxing)
 .debug_str     0x0000000000000689       0xae CMakeFiles/hello.elf.dir/arch/riscv/hpm/trap.c.obj
                                        0x248 (size before relaxing)
 .debug_str     0x0000000000000737      0x1a0 c:/users/11958/desktop/template/tools/riscv/tool-chain/bin/../lib/gcc/riscv32-unknown-elf/11.1.0/rv32imafdc/ilp32f\libgcc.a(_udivdi3.o)
                                        0x250 (size before relaxing)

.debug_line_str
                0x0000000000000000      0x339
 .debug_line_str
                0x0000000000000000      0x20f CMakeFiles/hello.elf.dir/arch/riscv/hpm/toolchains/reset.c.obj
                                        0x245 (size before relaxing)
 .debug_line_str
                0x000000000000020f       0x65 CMakeFiles/hello.elf.dir/arch/riscv/hpm/trap.c.obj
                                        0x1e7 (size before relaxing)
 .debug_line_str
                0x0000000000000274       0xc5 c:/users/11958/desktop/template/tools/riscv/tool-chain/bin/../lib/gcc/riscv32-unknown-elf/11.1.0/rv32imafdc/ilp32f\libgcc.a(_udivdi3.o)
                                        0x146 (size before relaxing)

.comment        0x0000000000000000       0x10
 .comment       0x0000000000000000       0x10 CMakeFiles/hello.elf.dir/arch/riscv/hpm/toolchains/reset.c.obj
                                         0x11 (size before relaxing)
 .comment       0x0000000000000010       0x11 CMakeFiles/hello.elf.dir/arch/riscv/hpm/trap.c.obj
 .comment       0x0000000000000010       0x11 c:/users/11958/desktop/template/tools/riscv/tool-chain/bin/../lib/gcc/riscv32-unknown-elf/11.1.0/rv32imafdc/ilp32f\libgcc.a(_udivdi3.o)

.riscv.attributes
                0x0000000000000000       0x39
 .riscv.attributes
                0x0000000000000000       0x39 CMakeFiles/hello.elf.dir/arch/riscv/hpm/toolchains/reset.c.obj
 .riscv.attributes
                0x0000000000000039       0x39 CMakeFiles/hello.elf.dir/arch/riscv/hpm/trap.c.obj
 .riscv.attributes
                0x0000000000000072       0x35 c:/users/11958/desktop/template/tools/riscv/tool-chain/bin/../lib/gcc/riscv32-unknown-elf/11.1.0/rv32imafdc/ilp32f\libgcc.a(_udivdi3.o)

.debug_frame    0x0000000000000000      0x23c
 .debug_frame   0x0000000000000000       0xe4 CMakeFiles/hello.elf.dir/arch/riscv/hpm/toolchains/reset.c.obj
 .debug_frame   0x00000000000000e4      0x158 CMakeFiles/hello.elf.dir/arch/riscv/hpm/trap.c.obj

.debug_loclists
                0x0000000000000000      0xa99
 .debug_loclists
                0x0000000000000000      0xa99 c:/users/11958/desktop/template/tools/riscv/tool-chain/bin/../lib/gcc/riscv32-unknown-elf/11.1.0/rv32imafdc/ilp32f\libgcc.a(_udivdi3.o)
